ARM Linker, 5.03 [Build 76] [MDK-ARM Lite]

==============================================================================

Section Cross References

    startup.o(STACK) refers (Special) to heapauxi.o(.text) for __use_two_region_memory
    startup.o(HEAP) refers (Special) to heapauxi.o(.text) for __use_two_region_memory
    startup.o(RESET) refers (Special) to heapauxi.o(.text) for __use_two_region_memory
    startup.o(RESET) refers to startup.o(STACK) for Stack_Top
    startup.o(RESET) refers to __main.o(!!!main) for __main
    startup.o(.text) refers (Special) to heapauxi.o(.text) for __use_two_region_memory
    startup.o(.text) refers to startup.o(HEAP) for Heap_Mem
    startup.o(.text) refers to startup.o(STACK) for Stack_Mem
    filosofo.o(.text) refers to _printf_percent.o(.ARM.Collect$$_printf_percent$$00000000) for _printf_percent
    filosofo.o(.text) refers to _printf_d.o(.ARM.Collect$$_printf_percent$$00000009) for _printf_d
    filosofo.o(.text) refers to _printf_dec.o(.text) for _printf_int_dec
    filosofo.o(.text) refers to h1_alloc.o(.text) for malloc
    filosofo.o(.text) refers to noretval__2printf.o(.text) for __2printf
    filosofo.o(.text) refers to rand.o(.emb_text) for rand
    filosofo.o(.text) refers to aeabi_sdiv.o(.text) for __aeabi_idivmod
    main.o(.text) refers to filosofo.o(.text) for InicializarMesa
    main.o(.text) refers to noretval__2printf.o(.text) for __2printf
    malloc.o(.text) refers (Special) to hguard.o(.text) for __heap$guard
    malloc.o(.text) refers (Special) to init_alloc.o(.text) for _init_alloc
    malloc.o(.text) refers to rt_heap_descriptor_intlibspace.o(.text) for __rt_heap_descriptor
    h1_alloc.o(.text) refers (Special) to h1_init.o(.text) for __Heap_Initialize
    h1_alloc.o(.text) refers to rt_heap_descriptor_intlibspace.o(.text) for __rt_heap_descriptor
    h1_alloc.o(.text) refers to init_alloc.o(.text) for __Heap_Full
    h1_alloc_mt.o(.text) refers (Special) to h1_init.o(.text) for __Heap_Initialize
    h1_alloc_mt.o(.text) refers to init_alloc.o(.text) for __Heap_Full
    h1_alloc_mt.o(.text) refers to rt_heap_descriptor_intlibspace.o(.text) for __rt_heap_descriptor
    heap2.o(i._FDIterate) refers to heap2.o(i.__ARM_common_call_via_r6) for __ARM_common_call_via_r6
    heap2.o(i._FDIterate) refers to heap2.o(.constdata) for .constdata
    heap2.o(i.___Heap_ProvideMemory$realtime) refers to fdtree.o(i._FDTree_Delete) for _FDTree_Delete
    heap2.o(i.___Heap_ProvideMemory$realtime) refers to fdtree.o(i._FDTree_Insert) for _FDTree_Insert
    heap2.o(i.___Heap_Stats$realtime) refers to heap2.o(i._Heap2_StatsIterate) for _Heap2_StatsIterate
    heap2.o(i.___Heap_Stats$realtime) refers to aeabi_sdiv.o(.text_udiv) for __aeabi_uidivmod
    heap2.o(i.___Heap_Stats$realtime) refers to heap2.o(i.__ARM_common_call_via_r5) for __ARM_common_call_via_r5
    heap2.o(i.___Heap_Valid$realtime) refers to heap2.o(i.__ARM_common_call_via_r5) for __ARM_common_call_via_r5
    heap2.o(i.___Heap_Valid$realtime) refers to heap2.o(i._FDIterate) for _FDIterate
    heap2.o(i.___Heap_Valid$realtime) refers to heap2.o(.constdata) for .constdata
    heap2.o(i._free$realtime) refers to rt_heap_descriptor_intlibspace.o(.text) for __rt_heap_descriptor
    heap2.o(i._free$realtime) refers to fdtree.o(i._FDTree_Delete) for _FDTree_Delete
    heap2.o(i._free$realtime) refers to fdtree.o(i._FDTree_Insert) for _FDTree_Insert
    heap2.o(i._malloc$realtime) refers to rt_heap_descriptor_intlibspace.o(.text) for __rt_heap_descriptor
    heap2.o(i._malloc$realtime) refers to fdtree.o(i._FDTree_FindFirst) for _FDTree_FindFirst
    heap2.o(i._malloc$realtime) refers to init_alloc.o(.text) for __Heap_Full
    heap2.o(i._malloc$realtime) refers to fdtree.o(i._FDTree_RemoveNode) for _FDTree_RemoveNode
    heap2.o(i._malloc$realtime) refers to fdtree.o(i._FDTree_Insert) for _FDTree_Insert
    heap2.o(i._posix_memalign$realtime) refers to rt_heap_descriptor_intlibspace.o(.text) for __rt_heap_descriptor
    heap2.o(i._posix_memalign$realtime) refers to fdtree.o(i._FDTree_FindFirst) for _FDTree_FindFirst
    heap2.o(i._posix_memalign$realtime) refers to init_alloc.o(.text) for __Heap_Full
    heap2.o(i._posix_memalign$realtime) refers to fdtree.o(i._FDTree_RemoveNode) for _FDTree_RemoveNode
    heap2.o(i._posix_memalign$realtime) refers to fdtree.o(i._FDTree_Insert) for _FDTree_Insert
    heap2.o(i._realloc$realtime) refers to rt_heap_descriptor_intlibspace.o(.text) for __rt_heap_descriptor
    heap2.o(i._realloc$realtime) refers to h1_free.o(.text) for free
    heap2.o(i._realloc$realtime) refers to h1_alloc.o(.text) for malloc
    heap2.o(i._realloc$realtime) refers to fdtree.o(i._FDTree_Delete) for _FDTree_Delete
    heap2.o(i._realloc$realtime) refers to fdtree.o(i._FDTree_Insert) for _FDTree_Insert
    heap2.o(i._realloc$realtime) refers to rt_memcpy_w.o(.text) for __aeabi_memcpy4
    heap2mt.o(i._FDIterate) refers to heap2.o(i.__ARM_common_call_via_r6) for __ARM_common_call_via_r6
[...]
    rand.o(.emb_text) refers (Special) to libinit2.o(.ARM.Collect$$libinit$$0000000B) for __rt_lib_init_rand_2
    rand.o(.emb_text) refers to rand.o(.text) for _rand_init
    rand.o(.emb_text) refers to rand.o(.bss) for _random_number_data
    rand.o(.text) refers (Special) to libinit2.o(.ARM.Collect$$libinit$$0000000B) for __rt_lib_init_rand_2
    rand.o(.text) refers to rand.o(.bss) for .bss
    rand.o(.bss) refers (Special) to libinit2.o(.ARM.Collect$$libinit$$0000000B) for __rt_lib_init_rand_2
    aeabi_sdiv.o(.text_udiv) refers to aeabi_sdiv.o(.text) for __arm_div2
    aeabi_sdiv_div0.o(.text_udiv) refers to aeabi_sdiv_div0.o(.text) for __arm_div2
    __main.o(!!!main) refers to rtentry.o(.ARM.Collect$$rtentry$$00000000) for __rt_entry
    rtentry.o(.ARM.Collect$$rtentry$$00000000) refers (Special) to rtentry2.o(.ARM.Collect$$rtentry$$0000000A) for __rt_entry_li
    rtentry.o(.ARM.Collect$$rtentry$$00000000) refers (Special) to rtentry2.o(.ARM.Collect$$rtentry$$0000000D) for __rt_entry_main
    rtentry.o(.ARM.Collect$$rtentry$$00000000) refers (Special) to rtentry2.o(.ARM.Collect$$rtentry$$0000000C) for __rt_entry_postli_1
    rtentry.o(.ARM.Collect$$rtentry$$00000000) refers (Special) to rtentry2.o(.ARM.Collect$$rtentry$$00000009) for __rt_entry_postsh_1
    rtentry.o(.ARM.Collect$$rtentry$$00000000) refers (Special) to rtentry2.o(.ARM.Collect$$rtentry$$00000002) for __rt_entry_presh_1
    rtentry.o(.ARM.Collect$$rtentry$$00000000) refers (Special) to rtentry4.o(.ARM.Collect$$rtentry$$00000004) for __rt_entry_sh
    aeabi_idiv0_sigfpe.o(.text) refers to rt_div0.o(.text) for __rt_div0
    rt_heap_descriptor.o(.text) refers to rt_heap_descriptor.o(.bss) for __rt_heap_descriptor_data
    rt_heap_descriptor_intlibspace.o(.text) refers to libspace.o(.bss) for __libspace_start
    init_alloc.o(.text) refers (Special) to hguard.o(.text) for __heap$guard
    init_alloc.o(.text) refers (Special) to libinit2.o(.ARM.Collect$$libinit$$00000003) for __rt_lib_init_heap_2
    init_alloc.o(.text) refers (Special) to maybetermalloc1.o(.emb_text) for _maybe_terminate_alloc
    init_alloc.o(.text) refers to h1_extend.o(.text) for __Heap_ProvideMemory
    init_alloc.o(.text) refers to defsig_rtmem_outer.o(.text) for __rt_SIGRTMEM
    init_alloc.o(.text) refers to rt_heap_descriptor_intlibspace.o(.text) for __rt_heap_descriptor
    init_alloc.o(.text) refers to h1_init.o(.text) for __Heap_Initialize
    free.o(.text) refers (Special) to hguard.o(.text) for __heap$guard
    free.o(.text) refers to rt_heap_descriptor_intlibspace.o(.text) for __rt_heap_descriptor
    h1_free.o(.text) refers to rt_heap_descriptor_intlibspace.o(.text) for __rt_heap_descriptor
    h1_init_mt.o(.text) refers to mutex_dummy.o(.text) for _mutex_initialize
    h1_free_mt.o(.text) refers to rt_heap_descriptor_intlibspace.o(.text) for __rt_heap_descriptor
    _printf_intcommon.o(.text) refers to __printf.o(i.__ARM_common_call_via_r2) for __ARM_common_call_via_r2
    _printf_char_file.o(.text) refers to _printf_char_common.o(.text) for _printf_char_common
    _printf_char_file.o(.text) refers to ferror.o(.text) for ferror
    _printf_char_file.o(.text) refers to fputc.o(i.fputc) for fputc
    stdio_streams.o(.bss) refers (Special) to initio.o(.text) for _initio
    stdio_streams.o(.bss) refers (Special) to initio.o(.text) for _initio
    stdio_streams.o(.bss) refers (Special) to initio.o(.text) for _initio
    stdio_streams.o(.data) refers (Special) to initio.o(.text) for _initio
    stdio_streams.o(.data) refers (Special) to initio.o(.text) for _initio
    stdio_streams.o(.data) refers (Special) to initio.o(.text) for _initio
    _get_argv.o(.text) refers (Special) to hrguard.o(.text) for __heap_region$guard
    _get_argv.o(.text) refers to h1_alloc.o(.text) for malloc
    _get_argv.o(.text) refers to defsig_rtmem_outer.o(.text) for __rt_SIGRTMEM
    _get_argv.o(.text) refers to sys_command.o(.text) for _sys_command_string
    libinit2.o(.ARM.Collect$$libinit$$00000001) refers to fpinit.o(x$fpl$fpinit) for _fp_init
    libinit2.o(.ARM.Collect$$libinit$$00000003) refers (Weak) to init_alloc.o(.text) for _init_alloc
    libinit2.o(.ARM.Collect$$libinit$$0000000B) refers (Weak) to rand.o(.text) for _rand_init
    libinit2.o(.ARM.Collect$$libinit$$0000000E) refers to libinit2.o(.ARM.Collect$$libinit$$0000000D) for .ARM.Collect$$libinit$$0000000D
    libinit2.o(.ARM.Collect$$libinit$$00000010) refers to libinit2.o(.ARM.Collect$$libinit$$0000000D) for .ARM.Collect$$libinit$$0000000D
    libinit2.o(.ARM.Collect$$libinit$$00000012) refers to libinit2.o(.ARM.Collect$$libinit$$0000000D) for .ARM.Collect$$libinit$$0000000D
    libinit2.o(.ARM.Collect$$libinit$$00000014) refers to libinit2.o(.ARM.Collect$$libinit$$0000000D) for .ARM.Collect$$libinit$$0000000D
    libinit2.o(.ARM.Collect$$libinit$$00000016) refers to libinit2.o(.ARM.Collect$$libinit$$0000000D) for .ARM.Collect$$libinit$$0000000D
    libinit2.o(.ARM.Collect$$libinit$$00000022) refers (Weak) to initio.o(.text) for _initio
    libinit2.o(.ARM.Collect$$libinit$$00000024) refers to argv_veneer.o(.emb_text) for __ARM_argv_veneer
    libinit2.o(.ARM.Collect$$libinit$$00000025) refers to argv_veneer.o(.emb_text) for __ARM_argv_veneer
    sys_command.o(.text) refers (Special) to use_no_semi.o(.text) for __I$use$semihosting
    sys_command.o(.text) refers (Special) to indicate_semi.o(.text) for __semihosting_library_function
    libspace.o(.text) refers to libspace.o(.bss) for __libspace_start
    rtentry2.o(.ARM.Collect$$rtentry$$00000008) refers to boardinit2.o(.text) for _platform_post_stackheap_init
    rtentry2.o(.ARM.Collect$$rtentry$$0000000A) refers to libinit.o(.ARM.Collect$$libinit$$00000000) for __rt_lib_init
    rtentry2.o(.ARM.Collect$$rtentry$$0000000B) refers to boardinit3.o(.text) for _platform_post_lib_init
    rtentry2.o(.ARM.Collect$$rtentry$$0000000D) refers to exit.o(.text) for exit
    rtentry2.o(.ARM.Collect$$rtentry$$0000000D) refers to main.o(.text) for main
    rtentry2.o(.ARM.exidx) refers to rtentry2.o(.ARM.Collect$$rtentry$$00000001) for .ARM.Collect$$rtentry$$00000001
    rtentry2.o(.ARM.exidx) refers to rtentry2.o(.ARM.Collect$$rtentry$$00000008) for .ARM.Collect$$rtentry$$00000008
    rtentry2.o(.ARM.exidx) refers to rtentry2.o(.ARM.Collect$$rtentry$$0000000A) for .ARM.Collect$$rtentry$$0000000A
    rtentry2.o(.ARM.exidx) refers to rtentry2.o(.ARM.Collect$$rtentry$$0000000B) for .ARM.Collect$$rtentry$$0000000B
    rtentry2.o(.ARM.exidx) refers to rtentry2.o(.ARM.Collect$$rtentry$$0000000D) for .ARM.Collect$$rtentry$$0000000D
    rtentry4.o(.ARM.Collect$$rtentry$$00000004) refers to sys_stackheap_outer.o(.text) for __user_setup_stackheap
    rtentry4.o(.ARM.exidx) refers to rtentry4.o(.ARM.Collect$$rtentry$$00000004) for .ARM.Collect$$rtentry$$00000004
    rt_div0.o(.text) refers to defsig_fpe_outer.o(.text) for __rt_SIGFPE
    maybetermalloc2.o(.emb_text) refers (Special) to term_alloc.o(.text) for _terminate_alloc
    h1_extend.o(.text) refers to h1_free.o(.text) for free
    h1_extend_mt.o(.text) refers to h1_free_mt.o(.text) for _free_internal
    _printf_char_common.o(.text) refers to __printf.o(.text) for __printf
    fputc.o(i.fputc) refers to flsbuf.o(.text) for __flsbuf_byte
    initio.o(.text) refers (Special) to libinit2.o(.ARM.Collect$$libinit$$00000022) for __rt_lib_init_stdio_2
    initio.o(.text) refers (Special) to libshutdown2.o(.ARM.Collect$$libshutdown$$00000002) for __rt_lib_shutdown_stdio_2
    initio.o(.text) refers to rt_memclr_w.o(.text) for __aeabi_memclr4
    initio.o(.text) refers to fopen.o(.text) for freopen
    initio.o(.text) refers to defsig_rtred_outer.o(.text) for __rt_SIGRTRED
    initio.o(.text) refers to setvbuf.o(.text) for setvbuf
    initio.o(.text) refers to fclose.o(.text) for _fclose_internal
    initio.o(.text) refers to h1_free.o(.text) for free
    initio.o(.text) refers to stdio_streams.o(.bss) for __stdin
    initio.o(.text) refers to stdio_streams.o(.bss) for __stdout
    initio.o(.text) refers to stdio_streams.o(.bss) for __stderr
    initio.o(.text) refers to stdio_streams.o(.data) for __aeabi_stdin
    initio.o(.text) refers to stdio_streams.o(.data) for __aeabi_stdout
    initio.o(.text) refers to stdio_streams.o(.data) for __aeabi_stderr
    initio.o(.text) refers to sys_io.o(.constdata) for __stdin_name
    initio.o(.text) refers to sys_io.o(.constdata) for __stdout_name
    initio.o(.text) refers to sys_io.o(.constdata) for __stderr_name
    initio_locked.o(.text) refers (Special) to libinit2.o(.ARM.Collect$$libinit$$00000022) for __rt_lib_init_stdio_2
    initio_locked.o(.text) refers (Special) to libshutdown2.o(.ARM.Collect$$libshutdown$$00000002) for __rt_lib_shutdown_stdio_2
    initio_locked.o(.text) refers to rt_memclr_w.o(.text) for __aeabi_memclr4
    initio_locked.o(.text) refers to mutex_dummy.o(.text) for _mutex_initialize
    initio_locked.o(.text) refers to fopen.o(.text) for freopen
    initio_locked.o(.text) refers to defsig_rtred_outer.o(.text) for __rt_SIGRTRED
    initio_locked.o(.text) refers to setvbuf.o(.text) for setvbuf
    initio_locked.o(.text) refers to fclose.o(.text) for _fclose_internal
    initio_locked.o(.text) refers to h1_free.o(.text) for free
    initio_locked.o(.text) refers to stdio_streams.o(.bss) for __stdin
    initio_locked.o(.text) refers to stdio_streams.o(.bss) for __stdout
    initio_locked.o(.text) refers to stdio_streams.o(.bss) for __stderr
    initio_locked.o(.text) refers to stdio_streams.o(.data) for __aeabi_stdin
    initio_locked.o(.text) refers to stdio_streams.o(.data) for __aeabi_stdout
    initio_locked.o(.text) refers to stdio_streams.o(.data) for __aeabi_stderr
    initio_locked.o(.text) refers to streamlock.o(.data) for _stream_list_lock
    initio_locked.o(.text) refers to sys_io.o(.constdata) for __stdin_name
    initio_locked.o(.text) refers to sys_io.o(.constdata) for __stdout_name
    initio_locked.o(.text) refers to sys_io.o(.constdata) for __stderr_name
    defsig_rtmem_outer.o(.text) refers to defsig_rtmem_inner.o(.text) for __rt_SIGRTMEM_inner
    defsig_rtmem_outer.o(.text) refers to defsig_exit.o(.text) for __sig_exit
    defsig_rtmem_formal.o(.text) refers to rt_raise.o(.text) for __rt_raise
    heapauxa.o(.text) refers to heapauxa.o(.data) for .data
    argv_veneer.o(.emb_text) refers to no_argv.o(.text) for __ARM_get_argv
    sys_io.o(.text) refers (Special) to use_no_semi.o(.text) for __I$use$semihosting
    sys_io.o(.text) refers (Special) to indicate_semi.o(.text) for __semihosting_library_function
    sys_io.o(.text) refers to strlen.o(.text) for strlen
    sys_io.o(.constdata) refers (Special) to use_no_semi.o(.text) for __I$use$semihosting
    sys_io.o(.constdata) refers (Special) to indicate_semi.o(.text) for __semihosting_library_function
    sys_io.o(.constdata) refers (Special) to use_no_semi.o(.text) for __I$use$semihosting
    sys_io.o(.constdata) refers (Special) to indicate_semi.o(.text) for __semihosting_library_function
    sys_io.o(.constdata) refers (Special) to use_no_semi.o(.text) for __I$use$semihosting
    sys_io.o(.constdata) refers (Special) to indicate_semi.o(.text) for __semihosting_library_function
    sys_stackheap_outer.o(.text) refers to libspace.o(.text) for __user_perproc_libspace
    sys_stackheap_outer.o(.text) refers to startup.o(.text) for __user_initial_stackheap
    rt_raise.o(.text) refers to __raise.o(.text) for __raise
    rt_raise.o(.text) refers to sys_exit.o(.text) for _sys_exit
    term_alloc.o(.text) refers (Special) to libshutdown2.o(.ARM.Collect$$libshutdown$$0000000D) for __rt_lib_shutdown_heap_2
    term_alloc.o(.text) refers to rt_heap_descriptor_intlibspace.o(.text) for __rt_heap_descriptor
    __printf_nopercent.o(.text) refers to __printf_nopercent.o(i.__ARM_common_call_via_r7) for __ARM_common_call_via_r7
    __printf_nopercent.o(.text) refers to heap2.o(i.__ARM_common_call_via_r5) for __ARM_common_call_via_r5
    flsbuf.o(.text) refers to stdio.o(.text) for _deferredlazyseek
    flsbuf.o(.text) refers to sys_io.o(.text) for _sys_flen
    flsbuf.o(.text) refers to h1_alloc.o(.text) for malloc
    streamlock.o(.data) refers (Special) to initio.o(.text) for _initio
    fopen.o(.text) refers to fclose.o(.text) for _fclose_internal
    fopen.o(.text) refers to sys_io.o(.text) for _sys_open
    fopen.o(.text) refers to fseek.o(.text) for _fseek
    fopen.o(.text) refers to h1_alloc.o(.text) for malloc
    fopen.o(.text) refers to rt_memclr_w.o(.text) for __aeabi_memclr4
    fopen.o(.text) refers to stdio_streams.o(.bss) for __stdin
    fclose.o(.text) refers to stdio.o(.text) for _fflush
    fclose.o(.text) refers to sys_io.o(.text) for _sys_close
    fclose.o(.text) refers to h1_free.o(.text) for free
    fclose.o(.text) refers to rt_memclr_w.o(.text) for __aeabi_memclr4
    fopen_locked.o(.text) refers to fclose.o(.text) for _fclose_internal
    fopen_locked.o(.text) refers to sys_io.o(.text) for _sys_open
    fopen_locked.o(.text) refers to fseek.o(.text) for _fseek
    fopen_locked.o(.text) refers to h1_alloc.o(.text) for malloc
    fopen_locked.o(.text) refers to rt_memclr_w.o(.text) for __aeabi_memclr4
    fopen_locked.o(.text) refers to mutex_dummy.o(.text) for _mutex_initialize
    fopen_locked.o(.text) refers to streamlock.o(.data) for _stream_list_lock
    fopen_locked.o(.text) refers to stdio_streams.o(.bss) for __stdin
    exit.o(.text) refers to rtexit.o(.ARM.Collect$$rtexit$$00000000) for __rt_exit
    defsig_exit.o(.text) refers to sys_exit.o(.text) for _sys_exit
    defsig_fpe_outer.o(.text) refers to defsig_fpe_inner.o(.text) for __rt_SIGFPE_inner
    defsig_fpe_outer.o(.text) refers to defsig_exit.o(.text) for __sig_exit
    defsig_fpe_formal.o(.text) refers to rt_raise.o(.text) for __rt_raise
    defsig_rtred_outer.o(.text) refers to defsig_rtred_inner.o(.text) for __rt_SIGRTRED_inner
    defsig_rtred_outer.o(.text) refers to defsig_exit.o(.text) for __sig_exit
    defsig_rtred_formal.o(.text) refers to rt_raise.o(.text) for __rt_raise
    defsig_rtmem_inner.o(.text) refers to defsig_general.o(.text) for __default_signal_display
    _get_argv_nomalloc.o(.text) refers (Special) to hrguard.o(.text) for __heap_region$guard
    _get_argv_nomalloc.o(.text) refers to defsig_rtmem_outer.o(.text) for __rt_SIGRTMEM
    _get_argv_nomalloc.o(.text) refers to sys_command.o(.text) for _sys_command_string
    libinit.o(.ARM.Collect$$libinit$$00000000) refers (Special) to libinit2.o(.ARM.Collect$$libinit$$0000002C) for __rt_lib_init_alloca_1
    libinit.o(.ARM.Collect$$libinit$$00000000) refers (Special) to libinit2.o(.ARM.Collect$$libinit$$0000002A) for __rt_lib_init_argv_1
    libinit.o(.ARM.Collect$$libinit$$00000000) refers (Special) to libinit2.o(.ARM.Collect$$libinit$$00000019) for __rt_lib_init_atexit_1
    libinit.o(.ARM.Collect$$libinit$$00000000) refers (Special) to libinit2.o(.ARM.Collect$$libinit$$0000001F) for __rt_lib_init_clock_1
    libinit.o(.ARM.Collect$$libinit$$00000000) refers (Special) to libinit2.o(.ARM.Collect$$libinit$$00000030) for __rt_lib_init_cpp_1
    libinit.o(.ARM.Collect$$libinit$$00000000) refers (Special) to libinit2.o(.ARM.Collect$$libinit$$0000002E) for __rt_lib_init_exceptions_1
    libinit.o(.ARM.Collect$$libinit$$00000000) refers (Special) to libinit2.o(.ARM.Collect$$libinit$$00000002) for __rt_lib_init_fp_1
    libinit.o(.ARM.Collect$$libinit$$00000000) refers (Special) to libinit2.o(.ARM.Collect$$libinit$$0000001D) for __rt_lib_init_fp_trap_1
    libinit.o(.ARM.Collect$$libinit$$00000000) refers (Special) to libinit2.o(.ARM.Collect$$libinit$$00000021) for __rt_lib_init_getenv_1
    libinit.o(.ARM.Collect$$libinit$$00000000) refers (Special) to libinit2.o(.ARM.Collect$$libinit$$00000008) for __rt_lib_init_heap_1
    libinit.o(.ARM.Collect$$libinit$$00000000) refers (Special) to libinit2.o(.ARM.Collect$$libinit$$0000000F) for __rt_lib_init_lc_collate_1
    libinit.o(.ARM.Collect$$libinit$$00000000) refers (Special) to libinit2.o(.ARM.Collect$$libinit$$00000011) for __rt_lib_init_lc_ctype_1
    libinit.o(.ARM.Collect$$libinit$$00000000) refers (Special) to libinit2.o(.ARM.Collect$$libinit$$00000013) for __rt_lib_init_lc_monetary_1
    libinit.o(.ARM.Collect$$libinit$$00000000) refers (Special) to libinit2.o(.ARM.Collect$$libinit$$00000015) for __rt_lib_init_lc_numeric_1
    libinit.o(.ARM.Collect$$libinit$$00000000) refers (Special) to libinit2.o(.ARM.Collect$$libinit$$00000017) for __rt_lib_init_lc_time_1
    libinit.o(.ARM.Collect$$libinit$$00000000) refers (Special) to libinit2.o(.ARM.Collect$$libinit$$0000000C) for __rt_lib_init_rand_1
    libinit.o(.ARM.Collect$$libinit$$00000000) refers (Special) to libinit2.o(.ARM.Collect$$libinit$$00000031) for __rt_lib_init_return
    libinit.o(.ARM.Collect$$libinit$$00000000) refers (Special) to libinit2.o(.ARM.Collect$$libinit$$0000001B) for __rt_lib_init_signal_1
    libinit.o(.ARM.Collect$$libinit$$00000000) refers (Special) to libinit2.o(.ARM.Collect$$libinit$$00000023) for __rt_lib_init_stdio_1
    libinit.o(.ARM.Collect$$libinit$$00000000) refers (Special) to libinit2.o(.ARM.Collect$$libinit$$0000000A) for __rt_lib_init_user_alloc_1
    libshutdown2.o(.ARM.Collect$$libshutdown$$00000002) refers (Weak) to initio.o(.text) for _terminateio
    libshutdown2.o(.ARM.Collect$$libshutdown$$0000000C) refers (Weak) to term_alloc.o(.text) for _terminate_alloc
    flsbuf_fwide.o(.text) refers to flsbuf.o(.text) for __flsbuf
    sys_exit.o(.text) refers (Special) to use_no_semi.o(.text) for __I$use$semihosting
    sys_exit.o(.text) refers (Special) to indicate_semi.o(.text) for __semihosting_library_function
    rtexit.o(.ARM.Collect$$rtexit$$00000000) refers (Special) to rtexit2.o(.ARM.Collect$$rtexit$$00000004) for __rt_exit_exit
    rtexit.o(.ARM.Collect$$rtexit$$00000000) refers (Special) to rtexit2.o(.ARM.Collect$$rtexit$$00000003) for __rt_exit_ls
    rtexit.o(.ARM.Collect$$rtexit$$00000000) refers (Special) to rtexit2.o(.ARM.Collect$$rtexit$$00000002) for __rt_exit_prels_1
    rtexit.o(.ARM.exidx) refers (Special) to rtexit2.o(.ARM.Collect$$rtexit$$00000004) for __rt_exit_exit
    rtexit.o(.ARM.exidx) refers (Special) to rtexit2.o(.ARM.Collect$$rtexit$$00000003) for __rt_exit_ls
    rtexit.o(.ARM.exidx) refers (Special) to rtexit2.o(.ARM.Collect$$rtexit$$00000002) for __rt_exit_prels_1
    rtexit.o(.ARM.exidx) refers to rtexit.o(.ARM.Collect$$rtexit$$00000000) for .ARM.Collect$$rtexit$$00000000
    _printf_char_file_locked.o(.text) refers to _printf_char_common.o(.text) for _printf_char_common
    _printf_char_file_locked.o(.text) refers to fputc.o(i._fputc$unlocked) for _fputc$unlocked
    fseek.o(.text) refers to sys_io.o(.text) for _sys_istty
    fseek.o(.text) refers to ftell.o(.text) for _ftell_internal
    fseek.o(.text) refers to stdio.o(.text) for _seterr
    stdio.o(.text) refers to sys_io.o(.text) for _sys_seek
    fwritefast.o(.text) refers to stdio.o(.text) for _writebuf
    fwritefast.o(.text) refers to flsbuf.o(.text) for __flsbuf_byte
    fwritefast.o(.text) refers to rt_memcpy.o(.text) for __aeabi_memcpy
    fwritefast_locked.o(.text) refers to stdio.o(.text) for _writebuf
    fwritefast_locked.o(.text) refers to flsbuf.o(.text) for __flsbuf_byte
    fwritefast_locked.o(.text) refers to rt_memcpy.o(.text) for __aeabi_memcpy
    __raise.o(.text) refers to __printf.o(i.__ARM_common_call_via_r2) for __ARM_common_call_via_r2
    __raise.o(.text) refers to defsig.o(CL$$defsig) for __default_signal_handler
    defsig_general.o(.text) refers to sys_wrch.o(.text) for _ttywrch
    defsig_fpe_inner.o(.text) refers to defsig_general.o(.text) for __default_signal_display
    defsig_rtred_inner.o(.text) refers to defsig_general.o(.text) for __default_signal_display
    assert_stdio.o(.text) refers to fputs.o(.text) for fputs
    assert_stdio.o(.text) refers to fflush.o(.text) for fflush
    assert_stdio.o(.text) refers to stdio_streams.o(.bss) for __stderr
    sys_wrch.o(.text) refers (Special) to use_no_semi.o(.text) for __I$use$semihosting
    sys_wrch.o(.text) refers (Special) to indicate_semi.o(.text) for __semihosting_library_function
    rtexit2.o(.ARM.Collect$$rtexit$$00000003) refers to libshutdown.o(.ARM.Collect$$libshutdown$$00000000) for __rt_lib_shutdown
    rtexit2.o(.ARM.Collect$$rtexit$$00000004) refers to sys_exit.o(.text) for _sys_exit
    rtexit2.o(.ARM.exidx) refers to rtexit2.o(.ARM.Collect$$rtexit$$00000001) for .ARM.Collect$$rtexit$$00000001
    rtexit2.o(.ARM.exidx) refers to rtexit2.o(.ARM.Collect$$rtexit$$00000003) for .ARM.Collect$$rtexit$$00000003
    rtexit2.o(.ARM.exidx) refers to rtexit2.o(.ARM.Collect$$rtexit$$00000004) for .ARM.Collect$$rtexit$$00000004
    fflush.o(.text) refers to stdio.o(.text) for _fflush
    fflush.o(.text) refers to fseek.o(.text) for _fseek
    fflush.o(.text) refers to stdio_streams.o(.bss) for __stdin
    fputs.o(.text) refers to fputc.o(i.fputc) for fputc
    ftell.o(.text) refers to rt_errno_addr_intlibspace.o(.text) for __aeabi_errno_addr
    fflush_locked.o(.text) refers to stdio.o(.text) for _fflush
    fflush_locked.o(.text) refers to fseek.o(.text) for _fseek
    fflush_locked.o(.text) refers to fflush.o(.text) for _do_fflush
    fflush_locked.o(.text) refers to streamlock.o(.data) for _stream_list_lock
    fflush_locked.o(.text) refers to stdio_streams.o(.bss) for __stdin
    defsig.o(CL$$defsig) refers to defsig_fpe_inner.o(.text) for __rt_SIGFPE_inner
    defsig.o(CL$$defsig) refers to defsig_rtred_inner.o(.text) for __rt_SIGRTRED_inner
    defsig.o(CL$$defsig) refers to defsig_rtmem_inner.o(.text) for __rt_SIGRTMEM_inner
    rt_memcpy.o(.text) refers to rt_memcpy_w.o(.text) for __aeabi_memcpy4
    rt_errno_addr.o(.text) refers to rt_errno_addr.o(.bss) for __aeabi_errno_addr_data
    rt_errno_addr_intlibspace.o(.text) refers to libspace.o(.bss) for __libspace_start
    defsig_abrt_inner.o(.text) refers to defsig_general.o(.text) for __default_signal_display
    defsig_stak_inner.o(.text) refers to defsig_general.o(.text) for __default_signal_display
    defsig_pvfn_inner.o(.text) refers to defsig_general.o(.text) for __default_signal_display
    defsig_cppl_inner.o(.text) refers to defsig_general.o(.text) for __default_signal_display
    defsig_segv_inner.o(.text) refers to defsig_general.o(.text) for __default_signal_display
    defsig_other.o(.text) refers to defsig_general.o(.text) for __default_signal_display
    libshutdown.o(.ARM.Collect$$libshutdown$$00000000) refers (Special) to libshutdown2.o(.ARM.Collect$$libshutdown$$00000006) for __rt_lib_shutdown_fp_trap_1
    libshutdown.o(.ARM.Collect$$libshutdown$$00000000) refers (Special) to libshutdown2.o(.ARM.Collect$$libshutdown$$0000000E) for __rt_lib_shutdown_heap_1
    libshutdown.o(.ARM.Collect$$libshutdown$$00000000) refers (Special) to libshutdown2.o(.ARM.Collect$$libshutdown$$0000000F) for __rt_lib_shutdown_return
    libshutdown.o(.ARM.Collect$$libshutdown$$00000000) refers (Special) to libshutdown2.o(.ARM.Collect$$libshutdown$$00000009) for __rt_lib_shutdown_signal_1
    libshutdown.o(.ARM.Collect$$libshutdown$$00000000) refers (Special) to libshutdown2.o(.ARM.Collect$$libshutdown$$00000003) for __rt_lib_shutdown_stdio_1
    libshutdown.o(.ARM.Collect$$libshutdown$$00000000) refers (Special) to libshutdown2.o(.ARM.Collect$$libshutdown$$0000000B) for __rt_lib_shutdown_user_alloc_1


==============================================================================

Adding Veneers to the image

    Adding TA veneer (4 bytes, Inline) for call to '_printf_percent' from __printf.o(.text).
    Adding AT veneer (8 bytes, Inline) for call to '__rt_lib_init' from rtentry2.o(.ARM.Collect$$rtentry$$0000000A).
    Adding AT veneer (8 bytes, Inline) for call to '__rt_lib_shutdown' from rtexit2.o(.ARM.Collect$$rtexit$$00000003).
    Adding TA veneer (4 bytes, Inline) for call to '__rt_exit' from exit.o(.text).
    Adding AT veneer (8 bytes, Inline) for call to 'rand' from filosofo.o(.text).
    Adding AT veneer (8 bytes, Inline) for call to 'malloc' from filosofo.o(.text).
    Adding AT veneer (8 bytes, Inline) for call to '__2printf' from filosofo.o(.text).
    Adding AT veneer (8 bytes, Inline) for call to '_printf_int_dec' from _printf_d.o(.ARM.Collect$$_printf_percent$$00000009).
    Adding TA veneer (4 bytes, Inline) for call to '__rt_heap_descriptor' from h1_alloc.o(.text).
    Adding TA veneer (4 bytes, Inline) for call to '__rt_udiv10' from _printf_dec.o(.text).
    Adding TA veneer (4 bytes, Inline) for call to '__aeabi_memclr4' from initio.o(.text).
    Adding AT veneer (8 bytes, Inline) for call to '_sys_exit' from rtexit2.o(.ARM.Collect$$rtexit$$00000004).
    Adding TA veneer (4 bytes, Inline) for call to '__aeabi_errno_addr' from ftell.o(.text).

13 Veneer(s) (total 80 bytes) added to the image.

==============================================================================

Image Symbol Table

    Local Symbols

    Symbol Name                              Value     Ov Type        Size  Object(Section)

    RESET                                    0x00000000   Section      280  startup.o(RESET)
    ../clib/angel/boardlib.s                 0x00000000   Number         0  boardinit3.o ABSOLUTE
    ../clib/angel/boardlib.s                 0x00000000   Number         0  boardshut.o ABSOLUTE
    ../clib/angel/boardlib.s                 0x00000000   Number         0  boardinit2.o ABSOLUTE
    ../clib/angel/boardlib.s                 0x00000000   Number         0  boardinit1.o ABSOLUTE
    ../clib/angel/handlers.s                 0x00000000   Number         0  __scatter_zi.o ABSOLUTE
    ../clib/angel/handlers.s                 0x00000000   Number         0  __scatter_copy.o ABSOLUTE
    ../clib/angel/kernel.s                   0x00000000   Number         0  rtentry.o ABSOLUTE
    ../clib/angel/kernel.s                   0x00000000   Number         0  rtexit.o ABSOLUTE
    ../clib/angel/kernel.s                   0x00000000   Number         0  rtexit2.o ABSOLUTE
    ../clib/angel/kernel.s                   0x00000000   Number         0  rtentry4.o ABSOLUTE
    ../clib/angel/kernel.s                   0x00000000   Number         0  rtentry2.o ABSOLUTE
    ../clib/angel/rt.s                       0x00000000   Number         0  rt_heap_descriptor_intlibspace.o ABSOLUTE
    ../clib/angel/rt.s                       0x00000000   Number         0  rt_errno_addr.o ABSOLUTE
    ../clib/angel/rt.s                       0x00000000   Number         0  aeabi_idiv0.o ABSOLUTE
    ../clib/angel/rt.s                       0x00000000   Number         0  aeabi_idiv0_sigfpe.o ABSOLUTE
    ../clib/angel/rt.s                       0x00000000   Number         0  rt_div0.o ABSOLUTE
    ../clib/angel/rt.s                       0x00000000   Number         0  rt_raise.o ABSOLUTE
    ../clib/angel/rt.s                       0x00000000   Number         0  rt_heap_descriptor.o ABSOLUTE
    ../clib/angel/rt.s                       0x00000000   Number         0  rt_errno_addr_intlibspace.o ABSOLUTE
    ../clib/angel/scatter.s                  0x00000000   Number         0  __scatter.o ABSOLUTE
    ../clib/angel/startup.s                  0x00000000   Number         0  __main.o ABSOLUTE
    ../clib/angel/sys.s                      0x00000000   Number         0  libspace.o ABSOLUTE
    ../clib/angel/sys.s                      0x00000000   Number         0  indicate_semi.o ABSOLUTE
    ../clib/angel/sys.s                      0x00000000   Number         0  mutex_dummy.o ABSOLUTE
    ../clib/angel/sys.s                      0x00000000   Number         0  sys_stackheap_outer.o ABSOLUTE
    ../clib/angel/sys.s                      0x00000000   Number         0  use_no_semi.o ABSOLUTE
    ../clib/angel/sysapp.c                   0x00000000   Number         0  sys_command.o ABSOLUTE
    ../clib/angel/sysapp.c                   0x00000000   Number         0  sys_io.o ABSOLUTE
    ../clib/angel/sysapp.c                   0x00000000   Number         0  sys_wrch.o ABSOLUTE
    ../clib/angel/sysapp.c                   0x00000000   Number         0  sys_exit.o ABSOLUTE
    ../clib/armsys.c                         0x00000000   Number         0  _get_argv.o ABSOLUTE
    ../clib/armsys.c                         0x00000000   Number         0  no_argv.o ABSOLUTE
    ../clib/armsys.c                         0x00000000   Number         0  argv_veneer.o ABSOLUTE
    ../clib/armsys.c                         0x00000000   Number         0  argv_veneer.o ABSOLUTE
    ../clib/armsys.c                         0x00000000   Number         0  _get_argv_nomalloc.o ABSOLUTE
    ../clib/assert.c                         0x00000000   Number         0  assert_stdio.o ABSOLUTE
    ../clib/division.s                       0x00000000   Number         0  rtudiv10.o ABSOLUTE
    ../clib/division.s                       0x00000000   Number         0  aeabi_sdiv_div0.o ABSOLUTE
    ../clib/division.s                       0x00000000   Number         0  aeabi_sdiv.o ABSOLUTE
    ../clib/divrt.s                          0x00000000   Number         0  divrt_7tdmi_div0.o ABSOLUTE
    ../clib/divrt.s                          0x00000000   Number         0  divrt_7tdmi.o ABSOLUTE
    ../clib/heap1.c                          0x00000000   Number         0  h1_extend_mt.o ABSOLUTE
    ../clib/heap1.c                          0x00000000   Number         0  h1_extend.o ABSOLUTE
    ../clib/heap1.c                          0x00000000   Number         0  h1_alloc_mt.o ABSOLUTE
    ../clib/heap1.c                          0x00000000   Number         0  h1_init.o ABSOLUTE
    ../clib/heap1.c                          0x00000000   Number         0  h1_final_mt.o ABSOLUTE
    ../clib/heap1.c                          0x00000000   Number         0  h1_final.o ABSOLUTE
    ../clib/heap1.c                          0x00000000   Number         0  h1_alloc.o ABSOLUTE
    ../clib/heap1.c                          0x00000000   Number         0  h1_free_mt.o ABSOLUTE
    ../clib/heap1.c                          0x00000000   Number         0  h1_init_mt.o ABSOLUTE
    ../clib/heap1.c                          0x00000000   Number         0  h1_free.o ABSOLUTE
    ../clib/heap2.c                          0x00000000   Number         0  heap2mt.o ABSOLUTE
    ../clib/heap2.c                          0x00000000   Number         0  heap2.o ABSOLUTE
    ../clib/heap2.c                          0x00000000   Number         0  fdtree.o ABSOLUTE
    ../clib/heapalloc.c                      0x00000000   Number         0  hrguard.o ABSOLUTE
    ../clib/heapalloc.c                      0x00000000   Number         0  malloc.o ABSOLUTE
    ../clib/heapalloc.c                      0x00000000   Number         0  term_alloc.o ABSOLUTE
    ../clib/heapalloc.c                      0x00000000   Number         0  maybetermalloc2.o ABSOLUTE
    ../clib/heapalloc.c                      0x00000000   Number         0  maybetermalloc2.o ABSOLUTE
    ../clib/heapalloc.c                      0x00000000   Number         0  hguard.o ABSOLUTE
    ../clib/heapalloc.c                      0x00000000   Number         0  maybetermalloc1.o ABSOLUTE
    ../clib/heapalloc.c                      0x00000000   Number         0  init_alloc.o ABSOLUTE
    ../clib/heapalloc.c                      0x00000000   Number         0  maybetermalloc1.o ABSOLUTE
    ../clib/heapalloc.c                      0x00000000   Number         0  free.o ABSOLUTE
    ../clib/heapalloc.c                      0x00000000   Number         0  heapstubs.o ABSOLUTE
    ../clib/heapaux.c                        0x00000000   Number         0  heapauxi.o ABSOLUTE
    ../clib/heapaux.c                        0x00000000   Number         0  heapauxa.o ABSOLUTE
    ../clib/libinit.s                        0x00000000   Number         0  libshutdown.o ABSOLUTE
    ../clib/libinit.s                        0x00000000   Number         0  libinit.o ABSOLUTE
    ../clib/libinit.s                        0x00000000   Number         0  libshutdown2.o ABSOLUTE
    ../clib/libinit.s                        0x00000000   Number         0  libinit2.o ABSOLUTE
    ../clib/memcpset.s                       0x00000000   Number         0  rt_memcpy.o ABSOLUTE
    ../clib/memcpset.s                       0x00000000   Number         0  rt_memclr_w.o ABSOLUTE
    ../clib/memcpset.s                       0x00000000   Number         0  rt_memcpy_w.o ABSOLUTE
    ../clib/printf.c                         0x00000000   Number         0  __printf_wp.o ABSOLUTE
    ../clib/printf.c                         0x00000000   Number         0  __printf_nopercent.o ABSOLUTE
    ../clib/printf.c                         0x00000000   Number         0  __2printf.o ABSOLUTE
    ../clib/printf.c                         0x00000000   Number         0  __printf_flags.o ABSOLUTE
    ../clib/printf.c                         0x00000000   Number         0  noretval__2printf.o ABSOLUTE
    ../clib/printf.c                         0x00000000   Number         0  _printf_intcommon.o ABSOLUTE
    ../clib/printf.c                         0x00000000   Number         0  __printf.o ABSOLUTE
    ../clib/printf.c                         0x00000000   Number         0  _printf_char_file.o ABSOLUTE
    ../clib/printf.c                         0x00000000   Number         0  _printf_char_common.o ABSOLUTE
    ../clib/printf.c                         0x00000000   Number         0  _printf_dec.o ABSOLUTE
    ../clib/printf.c                         0x00000000   Number         0  __printf_ss.o ABSOLUTE
    ../clib/printf.c                         0x00000000   Number         0  __printf_flags_ss.o ABSOLUTE
    ../clib/printf.c                         0x00000000   Number         0  __printf_flags_wp.o ABSOLUTE
    ../clib/printf.c                         0x00000000   Number         0  __printf_ss_wp.o ABSOLUTE
    ../clib/printf.c                         0x00000000   Number         0  __printf_flags_ss_wp.o ABSOLUTE
    ../clib/printf.c                         0x00000000   Number         0  _printf_char_file_locked.o ABSOLUTE
    ../clib/printf_percent.s                 0x00000000   Number         0  _printf_percent_end.o ABSOLUTE
    ../clib/printf_percent.s                 0x00000000   Number         0  _printf_d.o ABSOLUTE
    ../clib/printf_percent.s                 0x00000000   Number         0  _printf_percent.o ABSOLUTE
    ../clib/signal.c                         0x00000000   Number         0  defsig_rtmem_inner.o ABSOLUTE
    ../clib/signal.c                         0x00000000   Number         0  defsig_stak_inner.o ABSOLUTE
    ../clib/signal.c                         0x00000000   Number         0  defsig_abrt_inner.o ABSOLUTE
    ../clib/signal.c                         0x00000000   Number         0  defsig_pvfn_inner.o ABSOLUTE
    ../clib/signal.c                         0x00000000   Number         0  defsig_rtmem_outer.o ABSOLUTE
    ../clib/signal.c                         0x00000000   Number         0  defsig_rtmem_formal.o ABSOLUTE
    ../clib/signal.c                         0x00000000   Number         0  defsig_rtred_inner.o ABSOLUTE
    ../clib/signal.c                         0x00000000   Number         0  defsig_exit.o ABSOLUTE
    ../clib/signal.c                         0x00000000   Number         0  defsig_fpe_inner.o ABSOLUTE
    ../clib/signal.c                         0x00000000   Number         0  defsig_other.o ABSOLUTE
    ../clib/signal.c                         0x00000000   Number         0  defsig_general.o ABSOLUTE
    ../clib/signal.c                         0x00000000   Number         0  defsig_segv_inner.o ABSOLUTE
    ../clib/signal.c                         0x00000000   Number         0  __raise.o ABSOLUTE
    ../clib/signal.c                         0x00000000   Number         0  defsig_fpe_formal.o ABSOLUTE
    ../clib/signal.c                         0x00000000   Number         0  defsig_rtred_formal.o ABSOLUTE
    ../clib/signal.c                         0x00000000   Number         0  defsig_rtred_outer.o ABSOLUTE
    ../clib/signal.c                         0x00000000   Number         0  defsig_cppl_inner.o ABSOLUTE
    ../clib/signal.c                         0x00000000   Number         0  defsig_fpe_outer.o ABSOLUTE
    ../clib/signal.s                         0x00000000   Number         0  defsig.o ABSOLUTE
    ../clib/stdio.c                          0x00000000   Number         0  fputs.o ABSOLUTE
    ../clib/stdio.c                          0x00000000   Number         0  fflush.o ABSOLUTE
    ../clib/stdio.c                          0x00000000   Number         0  initio_locked.o ABSOLUTE
    ../clib/stdio.c                          0x00000000   Number         0  initio.o ABSOLUTE
    ../clib/stdio.c                          0x00000000   Number         0  ftell.o ABSOLUTE
    ../clib/stdio.c                          0x00000000   Number         0  fputs_locked.o ABSOLUTE
    ../clib/stdio.c                          0x00000000   Number         0  fflush_locked.o ABSOLUTE
    ../clib/stdio.c                          0x00000000   Number         0  fseek.o ABSOLUTE
    ../clib/stdio.c                          0x00000000   Number         0  fopen.o ABSOLUTE
    ../clib/stdio.c                          0x00000000   Number         0  fwritefast_locked.o ABSOLUTE
    ../clib/stdio.c                          0x00000000   Number         0  fwritefast.o ABSOLUTE
    ../clib/stdio.c                          0x00000000   Number         0  stdio.o ABSOLUTE
    ../clib/stdio.c                          0x00000000   Number         0  fopen_locked.o ABSOLUTE
    ../clib/stdio.c                          0x00000000   Number         0  setvbuf_locked.o ABSOLUTE
    ../clib/stdio.c                          0x00000000   Number         0  stdio_streams.o ABSOLUTE
    ../clib/stdio.c                          0x00000000   Number         0  fclose.o ABSOLUTE
    ../clib/stdio.c                          0x00000000   Number         0  streamlock.o ABSOLUTE
    ../clib/stdio.c                          0x00000000   Number         0  setvbuf.o ABSOLUTE
    ../clib/stdio.c                          0x00000000   Number         0  flsbuf.o ABSOLUTE
    ../clib/stdio.c                          0x00000000   Number         0  fputc_locked.o ABSOLUTE
    ../clib/stdio.c                          0x00000000   Number         0  ferror_locked.o ABSOLUTE
    ../clib/stdio.c                          0x00000000   Number         0  ferror.o ABSOLUTE
    ../clib/stdio.c                          0x00000000   Number         0  fputc.o ABSOLUTE
    ../clib/stdlib.c                         0x00000000   Number         0  rand.o ABSOLUTE
    ../clib/stdlib.c                         0x00000000   Number         0  exit.o ABSOLUTE
    ../clib/stdlib.c                         0x00000000   Number         0  rand.o ABSOLUTE
    ../clib/string.c                         0x00000000   Number         0  strlen.o ABSOLUTE
    ../clib/wchar.c                          0x00000000   Number         0  flsbuf_fwide.o ABSOLUTE
    ../fplib/fpinit.s                        0x00000000   Number         0  fpinit.o ABSOLUTE
    Startup.s                                0x00000000   Number         0  startup.o ABSOLUTE
    dc.s                                     0x00000000   Number         0  dc.o ABSOLUTE
    filosofo.c                               0x00000000   Number         0  filosofo.o ABSOLUTE
    main.c                                   0x00000000   Number         0  main.o ABSOLUTE
    Undef_Handler                            0x00000040   ARM Code       4  startup.o(RESET)
    SWI_Handler                              0x00000044   ARM Code       4  startup.o(RESET)
    PAbt_Handler                             0x00000048   ARM Code       4  startup.o(RESET)
    DAbt_Handler                             0x0000004c   ARM Code       4  startup.o(RESET)
    IRQ_Handler                              0x00000050   ARM Code       4  startup.o(RESET)
    FIQ_Handler                              0x00000054   ARM Code       4  startup.o(RESET)
    !!!main                                  0x00000118   Section        8  __main.o(!!!main)
    !!!scatter                               0x00000120   Section       60  __scatter.o(!!!scatter)
    !!handler_copy                           0x0000015c   Section       40  __scatter_copy.o(!!handler_copy)
    !!handler_zi                             0x00000184   Section       44  __scatter_zi.o(!!handler_zi)
    .ARM.Collect$$_printf_percent$$00000000  0x000001b4   Section        0  _printf_percent.o(.ARM.Collect$$_printf_percent$$00000000)
    .ARM.Collect$$_printf_percent$$00000009  0x000001b4   Section        8  _printf_d.o(.ARM.Collect$$_printf_percent$$00000009)
    .ARM.Collect$$_printf_percent$$00000017  0x000001bc   Section        8  _printf_percent_end.o(.ARM.Collect$$_printf_percent$$00000017)
    .ARM.Collect$$libinit$$00000000          0x000001cc   Section        2  libinit.o(.ARM.Collect$$libinit$$00000000)
    .ARM.Collect$$libinit$$00000002          0x000001ce   Section        0  libinit2.o(.ARM.Collect$$libinit$$00000002)
    .ARM.Collect$$libinit$$00000003          0x000001ce   Section        8  libinit2.o(.ARM.Collect$$libinit$$00000003)
    .ARM.Collect$$libinit$$00000008          0x000001d6   Section        0  libinit2.o(.ARM.Collect$$libinit$$00000008)
    .ARM.Collect$$libinit$$0000000A          0x000001d6   Section        0  libinit2.o(.ARM.Collect$$libinit$$0000000A)
    .ARM.Collect$$libinit$$0000000B          0x000001d6   Section        4  libinit2.o(.ARM.Collect$$libinit$$0000000B)
    .ARM.Collect$$libinit$$0000000C          0x000001da   Section        0  libinit2.o(.ARM.Collect$$libinit$$0000000C)
    .ARM.Collect$$libinit$$0000000F          0x000001da   Section        0  libinit2.o(.ARM.Collect$$libinit$$0000000F)
    .ARM.Collect$$libinit$$00000011          0x000001da   Section        0  libinit2.o(.ARM.Collect$$libinit$$00000011)
    .ARM.Collect$$libinit$$00000013          0x000001da   Section        0  libinit2.o(.ARM.Collect$$libinit$$00000013)
    .ARM.Collect$$libinit$$00000015          0x000001da   Section        0  libinit2.o(.ARM.Collect$$libinit$$00000015)
    .ARM.Collect$$libinit$$00000017          0x000001da   Section        0  libinit2.o(.ARM.Collect$$libinit$$00000017)
    .ARM.Collect$$libinit$$00000019          0x000001da   Section        0  libinit2.o(.ARM.Collect$$libinit$$00000019)
    .ARM.Collect$$libinit$$0000001B          0x000001da   Section        0  libinit2.o(.ARM.Collect$$libinit$$0000001B)
    .ARM.Collect$$libinit$$0000001D          0x000001da   Section        0  libinit2.o(.ARM.Collect$$libinit$$0000001D)
    .ARM.Collect$$libinit$$0000001F          0x000001da   Section        0  libinit2.o(.ARM.Collect$$libinit$$0000001F)
    .ARM.Collect$$libinit$$00000021          0x000001da   Section        0  libinit2.o(.ARM.Collect$$libinit$$00000021)
    .ARM.Collect$$libinit$$00000022          0x000001da   Section        4  libinit2.o(.ARM.Collect$$libinit$$00000022)
    .ARM.Collect$$libinit$$00000023          0x000001de   Section        0  libinit2.o(.ARM.Collect$$libinit$$00000023)
    .ARM.Collect$$libinit$$0000002A          0x000001de   Section        0  libinit2.o(.ARM.Collect$$libinit$$0000002A)
    .ARM.Collect$$libinit$$0000002C          0x000001de   Section        0  libinit2.o(.ARM.Collect$$libinit$$0000002C)
    .ARM.Collect$$libinit$$0000002E          0x000001de   Section        0  libinit2.o(.ARM.Collect$$libinit$$0000002E)
    .ARM.Collect$$libinit$$00000030          0x000001de   Section        0  libinit2.o(.ARM.Collect$$libinit$$00000030)
    .ARM.Collect$$libinit$$00000031          0x000001de   Section       12  libinit2.o(.ARM.Collect$$libinit$$00000031)
    .ARM.Collect$$libshutdown$$00000000      0x000001f4   Section        4  libshutdown.o(.ARM.Collect$$libshutdown$$00000000)
    .ARM.Collect$$libshutdown$$00000002      0x000001f8   Section        4  libshutdown2.o(.ARM.Collect$$libshutdown$$00000002)
    .ARM.Collect$$libshutdown$$00000003      0x000001fc   Section        0  libshutdown2.o(.ARM.Collect$$libshutdown$$00000003)
    .ARM.Collect$$libshutdown$$00000006      0x000001fc   Section        0  libshutdown2.o(.ARM.Collect$$libshutdown$$00000006)
    .ARM.Collect$$libshutdown$$00000009      0x000001fc   Section        0  libshutdown2.o(.ARM.Collect$$libshutdown$$00000009)
    .ARM.Collect$$libshutdown$$0000000B      0x000001fc   Section        0  libshutdown2.o(.ARM.Collect$$libshutdown$$0000000B)
    .ARM.Collect$$libshutdown$$0000000E      0x000001fc   Section        0  libshutdown2.o(.ARM.Collect$$libshutdown$$0000000E)
    .ARM.Collect$$libshutdown$$0000000F      0x000001fc   Section        6  libshutdown2.o(.ARM.Collect$$libshutdown$$0000000F)
    .ARM.Collect$$rtentry$$00000000          0x00000204   Section        0  rtentry.o(.ARM.Collect$$rtentry$$00000000)
    .ARM.Collect$$rtentry$$00000002          0x00000204   Section        0  rtentry2.o(.ARM.Collect$$rtentry$$00000002)
    .ARM.Collect$$rtentry$$00000004          0x00000204   Section        8  rtentry4.o(.ARM.Collect$$rtentry$$00000004)
    .ARM.Collect$$rtentry$$00000009          0x0000020c   Section        0  rtentry2.o(.ARM.Collect$$rtentry$$00000009)
    .ARM.Collect$$rtentry$$0000000A          0x0000020c   Section        4  rtentry2.o(.ARM.Collect$$rtentry$$0000000A)
    .ARM.Collect$$rtentry$$0000000C          0x00000210   Section        0  rtentry2.o(.ARM.Collect$$rtentry$$0000000C)
    .ARM.Collect$$rtentry$$0000000D          0x00000210   Section       40  rtentry2.o(.ARM.Collect$$rtentry$$0000000D)
    .ARM.Collect$$rtexit$$00000000           0x0000023c   Section        4  rtexit.o(.ARM.Collect$$rtexit$$00000000)
    .ARM.Collect$$rtexit$$00000002           0x00000240   Section        0  rtexit2.o(.ARM.Collect$$rtexit$$00000002)
    .ARM.Collect$$rtexit$$00000003           0x00000240   Section        4  rtexit2.o(.ARM.Collect$$rtexit$$00000003)
    .ARM.Collect$$rtexit$$00000004           0x00000244   Section        8  rtexit2.o(.ARM.Collect$$rtexit$$00000004)
    .emb_text                                0x00000254   Section       56  rand.o(.emb_text)
    .emb_text                                0x0000028c   Section        0  maybetermalloc1.o(.emb_text)
    .text                                    0x0000028c   Section       32  startup.o(.text)
    .text                                    0x000002ac   Section        0  filosofo.o(.text)
    .text                                    0x000005b8   Section        0  main.o(.text)
    .text                                    0x00000660   Section        0  h1_alloc.o(.text)
    .text                                    0x000006d8   Section        0  noretval__2printf.o(.text)
    .text                                    0x000006f4   Section        0  __printf.o(.text)
    .text                                    0x00000774   Section        0  _printf_dec.o(.text)
    .text                                    0x000007e4   Section        0  rand.o(.text)
    .text                                    0x00000824   Section      384  aeabi_sdiv.o(.text)
    __arm_div8                               0x00000850   ARM Code       0  aeabi_sdiv.o(.text)
    __arm_div5                               0x00000874   ARM Code       0  aeabi_sdiv.o(.text)
    __arm_div2                               0x00000898   ARM Code       0  aeabi_sdiv.o(.text)
    __arm_div_large                          0x000008d4   ARM Code       0  aeabi_sdiv.o(.text)
    .text                                    0x000009a4   Section        0  heapauxi.o(.text)
    .text                                    0x000009b0   Section       12  rt_heap_descriptor_intlibspace.o(.text)
    .text                                    0x000009bc   Section        0  hguard.o(.text)
    .text                                    0x000009c0   Section        0  init_alloc.o(.text)
    .text                                    0x00000a54   Section        0  h1_init.o(.text)
    .text                                    0x00000a62   Section        0  h1_free.o(.text)
    .text                                    0x00000ab6   Section        0  _printf_intcommon.o(.text)
    .text                                    0x00000b70   Section        0  _printf_char_file.o(.text)
    .text                                    0x00000ba0   Section       44  rtudiv10.o(.text)
    .text                                    0x00000bcc   Section       12  libspace.o(.text)
    .text                                    0x00000bd8   Section        0  h1_extend.o(.text)
    .text                                    0x00000c10   Section        0  _printf_char_common.o(.text)
    _printf_input_char                       0x00000c11   Thumb Code    10  _printf_char_common.o(.text)
    .text                                    0x00000c40   Section        0  ferror.o(.text)
    .text                                    0x00000c48   Section        0  initio.o(.text)
    .text                                    0x00000d8c   Section        0  defsig_rtmem_outer.o(.text)
    .text                                    0x00000d9c   Section        0  sys_io.o(.text)
    .text                                    0x00000e10   Section        4  use_no_semi.o(.text)
    .text                                    0x00000e14   Section       96  sys_stackheap_outer.o(.text)
    .text                                    0x00000e14   Section        0  indicate_semi.o(.text)
    .text                                    0x00000e74   Section        0  flsbuf.o(.text)
    .text                                    0x00001068   Section        0  setvbuf.o(.text)
    .text                                    0x000010b8   Section        0  fopen.o(.text)
    _freopen_locked                          0x000010b9   Thumb Code     0  fopen.o(.text)
    .text                                    0x000011a8   Section        0  fclose.o(.text)
    .text                                    0x000011f8   Section        0  exit.o(.text)
    .text                                    0x00001204   Section        0  defsig_exit.o(.text)
    .text                                    0x00001214   Section        0  defsig_rtred_outer.o(.text)
    .text                                    0x00001224   Section        0  defsig_rtmem_inner.o(.text)
    .text                                    0x0000127c   Section       84  rt_memclr_w.o(.text)
    .text                                    0x000012d8   Section        0  sys_exit.o(.text)
    .text                                    0x000012e4   Section        0  fseek.o(.text)
    .text                                    0x000013dc   Section        0  stdio.o(.text)
    .text                                    0x000014d8   Section        0  defsig_general.o(.text)
    .text                                    0x00001510   Section        0  defsig_rtred_inner.o(.text)
    .text                                    0x00001548   Section        0  strlen.o(.text)
    .text                                    0x0000158c   Section        0  sys_wrch.o(.text)
    .text                                    0x0000159c   Section        0  ftell.o(.text)
    .text                                    0x000015e8   Section       12  rt_errno_addr_intlibspace.o(.text)
    i.__ARM_common_call_via_r1               0x000015f4   Section        0  __printf.o(i.__ARM_common_call_via_r1)
    i.__ARM_common_call_via_r2               0x000015f6   Section        0  __printf.o(i.__ARM_common_call_via_r2)
    i.fputc                                  0x000015f8   Section        0  fputc.o(i.fputc)
    .constdata                               0x0000161c   Section        4  sys_io.o(.constdata)
    .constdata                               0x00001620   Section        4  sys_io.o(.constdata)
    .constdata                               0x00001624   Section        4  sys_io.o(.constdata)
    .data                                    0x40000000   Section        4  stdio_streams.o(.data)
    .data                                    0x40000004   Section        4  stdio_streams.o(.data)
    .data                                    0x40000008   Section        4  stdio_streams.o(.data)
    .bss                                     0x4000000c   Section      228  rand.o(.bss)
    .bss                                     0x400000f0   Section       84  stdio_streams.o(.bss)
    .bss                                     0x40000144   Section       84  stdio_streams.o(.bss)
    .bss                                     0x40000198   Section       84  stdio_streams.o(.bss)
    .bss                                     0x400001ec   Section       96  libspace.o(.bss)
    HEAP                                     0x40000250   Section        0  startup.o(HEAP)
    STACK                                    0x40000250   Section     1160  startup.o(STACK)
    Heap_Mem                                 0x40000250   Data           0  startup.o(HEAP)
    Stack_Mem                                0x40000250   Data        1024  startup.o(STACK)
    Stack_Top                                0x400006d8   Data           0  startup.o(STACK)

    Global Symbols

    Symbol Name                              Value     Ov Type        Size  Object(Section)

    BuildAttributes$$THM_ISAv1$ARM_ISAv4$S$PE$A:L22$X:L11$S22$IEEE1$IW$USESV6$~STKCKD$USESV7$~SHL$OTIME$ROPI$EBA8$UX$STANDARDLIB$REQ8$PRES8$EABIv2 0x00000000   Number         0  anon$$obj.o ABSOLUTE
    __ARM_use_no_argv                        0x00000000   Number         0  main.o ABSOLUTE
    __ARM_exceptions_init                     - Undefined Weak Reference
    __alloca_initialize                       - Undefined Weak Reference
    __cpp_initialize__aeabi_                  - Undefined Weak Reference
    __cxa_finalize                            - Undefined Weak Reference
    __rt_locale                               - Undefined Weak Reference
    __sigvec_lookup                           - Undefined Weak Reference
    __user_heap_extent                        - Undefined Weak Reference
    _atexit_init                              - Undefined Weak Reference
    _call_atexit_fns                          - Undefined Weak Reference
    _clock_init                               - Undefined Weak Reference
    _fp_trap_init                             - Undefined Weak Reference
    _fp_trap_shutdown                         - Undefined Weak Reference
    _get_lc_collate                           - Undefined Weak Reference
    _get_lc_ctype                             - Undefined Weak Reference
    _get_lc_monetary                          - Undefined Weak Reference
    _get_lc_numeric                           - Undefined Weak Reference
    _get_lc_time                              - Undefined Weak Reference
    _getenv_init                              - Undefined Weak Reference
    _handle_redirection                       - Undefined Weak Reference
    _mutex_acquire                            - Undefined Weak Reference
    _mutex_free                               - Undefined Weak Reference
    _mutex_release                            - Undefined Weak Reference
    _printf_post_padding                      - Undefined Weak Reference
    _printf_pre_padding                       - Undefined Weak Reference
    _printf_truncate_signed                   - Undefined Weak Reference
    _printf_truncate_unsigned                 - Undefined Weak Reference
    _signal_finish                            - Undefined Weak Reference
    _signal_init                              - Undefined Weak Reference
    Reset_Handler                            0x00000058   ARM Code       0  startup.o(RESET)
    __main                                   0x00000118   ARM Code       8  __main.o(!!!main)
    __scatterload                            0x00000120   ARM Code       0  __scatter.o(!!!scatter)
    __scatterload_rt2                        0x00000120   ARM Code      52  __scatter.o(!!!scatter)
    __scatterload_null                       0x00000134   ARM Code       0  __scatter.o(!!!scatter)
    __scatterload_copy                       0x0000015c   ARM Code      40  __scatter_copy.o(!!handler_copy)
    __scatterload_zeroinit                   0x00000184   ARM Code      44  __scatter_zi.o(!!handler_zi)
    Inline Thumb to ARM Veneer to _printf_percent 0x000001b1   Thumb Code     4  _printf_percent.o(.ARM.Collect$$_printf_percent$$00000000)
    _printf_d                                0x000001b4   ARM Code       0  _printf_d.o(.ARM.Collect$$_printf_percent$$00000009)
    _printf_percent                          0x000001b4   ARM Code       0  _printf_percent.o(.ARM.Collect$$_printf_percent$$00000000)
    _printf_percent_end                      0x000001bc   ARM Code       0  _printf_percent_end.o(.ARM.Collect$$_printf_percent$$00000017)
    Inline ARM to Thumb Veneer to __rt_lib_init 0x000001c4   ARM Code       8  libinit.o(.ARM.Collect$$libinit$$00000000)
    __rt_lib_init                            0x000001cd   Thumb Code     0  libinit.o(.ARM.Collect$$libinit$$00000000)
    __rt_lib_init_fp_1                       0x000001cf   Thumb Code     0  libinit2.o(.ARM.Collect$$libinit$$00000002)
    __rt_lib_init_heap_2                     0x000001cf   Thumb Code     0  libinit2.o(.ARM.Collect$$libinit$$00000003)
    __rt_lib_init_heap_1                     0x000001d7   Thumb Code     0  libinit2.o(.ARM.Collect$$libinit$$00000008)
    __rt_lib_init_rand_2                     0x000001d7   Thumb Code     0  libinit2.o(.ARM.Collect$$libinit$$0000000B)
    __rt_lib_init_user_alloc_1               0x000001d7   Thumb Code     0  libinit2.o(.ARM.Collect$$libinit$$0000000A)
    __rt_lib_init_atexit_1                   0x000001db   Thumb Code     0  libinit2.o(.ARM.Collect$$libinit$$00000019)
    __rt_lib_init_clock_1                    0x000001db   Thumb Code     0  libinit2.o(.ARM.Collect$$libinit$$0000001F)
    __rt_lib_init_fp_trap_1                  0x000001db   Thumb Code     0  libinit2.o(.ARM.Collect$$libinit$$0000001D)
    __rt_lib_init_getenv_1                   0x000001db   Thumb Code     0  libinit2.o(.ARM.Collect$$libinit$$00000021)
    __rt_lib_init_lc_collate_1               0x000001db   Thumb Code     0  libinit2.o(.ARM.Collect$$libinit$$0000000F)
    __rt_lib_init_lc_ctype_1                 0x000001db   Thumb Code     0  libinit2.o(.ARM.Collect$$libinit$$00000011)
    __rt_lib_init_lc_monetary_1              0x000001db   Thumb Code     0  libinit2.o(.ARM.Collect$$libinit$$00000013)
    __rt_lib_init_lc_numeric_1               0x000001db   Thumb Code     0  libinit2.o(.ARM.Collect$$libinit$$00000015)
    __rt_lib_init_lc_time_1                  0x000001db   Thumb Code     0  libinit2.o(.ARM.Collect$$libinit$$00000017)
    __rt_lib_init_rand_1                     0x000001db   Thumb Code     0  libinit2.o(.ARM.Collect$$libinit$$0000000C)
    __rt_lib_init_signal_1                   0x000001db   Thumb Code     0  libinit2.o(.ARM.Collect$$libinit$$0000001B)
    __rt_lib_init_stdio_2                    0x000001db   Thumb Code     0  libinit2.o(.ARM.Collect$$libinit$$00000022)
    __rt_lib_init_alloca_1                   0x000001df   Thumb Code     0  libinit2.o(.ARM.Collect$$libinit$$0000002C)
    __rt_lib_init_argv_1                     0x000001df   Thumb Code     0  libinit2.o(.ARM.Collect$$libinit$$0000002A)
    __rt_lib_init_cpp_1                      0x000001df   Thumb Code     0  libinit2.o(.ARM.Collect$$libinit$$00000030)
    __rt_lib_init_exceptions_1               0x000001df   Thumb Code     0  libinit2.o(.ARM.Collect$$libinit$$0000002E)
    __rt_lib_init_return                     0x000001df   Thumb Code     0  libinit2.o(.ARM.Collect$$libinit$$00000031)
    __rt_lib_init_stdio_1                    0x000001df   Thumb Code     0  libinit2.o(.ARM.Collect$$libinit$$00000023)
    Inline ARM to Thumb Veneer to __rt_lib_shutdown 0x000001ec   ARM Code       8  libshutdown.o(.ARM.Collect$$libshutdown$$00000000)
    __rt_lib_shutdown                        0x000001f5   Thumb Code     0  libshutdown.o(.ARM.Collect$$libshutdown$$00000000)
    __rt_lib_shutdown_stdio_2                0x000001f9   Thumb Code     0  libshutdown2.o(.ARM.Collect$$libshutdown$$00000002)
    __rt_lib_shutdown_fp_trap_1              0x000001fd   Thumb Code     0  libshutdown2.o(.ARM.Collect$$libshutdown$$00000006)
    __rt_lib_shutdown_heap_1                 0x000001fd   Thumb Code     0  libshutdown2.o(.ARM.Collect$$libshutdown$$0000000E)
    __rt_lib_shutdown_return                 0x000001fd   Thumb Code     0  libshutdown2.o(.ARM.Collect$$libshutdown$$0000000F)
    __rt_lib_shutdown_signal_1               0x000001fd   Thumb Code     0  libshutdown2.o(.ARM.Collect$$libshutdown$$00000009)
    __rt_lib_shutdown_stdio_1                0x000001fd   Thumb Code     0  libshutdown2.o(.ARM.Collect$$libshutdown$$00000003)
    __rt_lib_shutdown_user_alloc_1           0x000001fd   Thumb Code     0  libshutdown2.o(.ARM.Collect$$libshutdown$$0000000B)
    __rt_entry                               0x00000204   ARM Code       0  rtentry.o(.ARM.Collect$$rtentry$$00000000)
    __rt_entry_presh_1                       0x00000204   ARM Code       0  rtentry2.o(.ARM.Collect$$rtentry$$00000002)
    __rt_entry_sh                            0x00000204   ARM Code       0  rtentry4.o(.ARM.Collect$$rtentry$$00000004)
    __rt_entry_li                            0x0000020c   ARM Code       0  rtentry2.o(.ARM.Collect$$rtentry$$0000000A)
    __rt_entry_postsh_1                      0x0000020c   ARM Code       0  rtentry2.o(.ARM.Collect$$rtentry$$00000009)
    __rt_entry_main                          0x00000210   ARM Code       0  rtentry2.o(.ARM.Collect$$rtentry$$0000000D)
    __rt_entry_postli_1                      0x00000210   ARM Code       0  rtentry2.o(.ARM.Collect$$rtentry$$0000000C)
    Inline Thumb to ARM Veneer to __rt_exit  0x00000239   Thumb Code     4  rtexit.o(.ARM.Collect$$rtexit$$00000000)
    __rt_exit                                0x0000023c   ARM Code       0  rtexit.o(.ARM.Collect$$rtexit$$00000000)
    __rt_exit_ls                             0x00000240   ARM Code       0  rtexit2.o(.ARM.Collect$$rtexit$$00000003)
    __rt_exit_prels_1                        0x00000240   ARM Code       0  rtexit2.o(.ARM.Collect$$rtexit$$00000002)
    __rt_exit_exit                           0x00000244   ARM Code       0  rtexit2.o(.ARM.Collect$$rtexit$$00000004)
    Inline ARM to Thumb Veneer to rand       0x0000024c   ARM Code       8  rand.o(.emb_text)
    rand                                     0x00000255   Thumb Code    52  rand.o(.emb_text)
    __user_initial_stackheap                 0x0000028c   ARM Code       0  startup.o(.text)
    _maybe_terminate_alloc                   0x0000028d   Thumb Code     0  maybetermalloc1.o(.emb_text)
    InicializarMesa                          0x000002ac   ARM Code      36  filosofo.o(.text)
    CriarGarfo                               0x000002d0   ARM Code      52  filosofo.o(.text)
    CriarFilosofo                            0x00000304   ARM Code      52  filosofo.o(.text)
    OcuparMesa                               0x00000338   ARM Code     140  filosofo.o(.text)
    BuscarFilosofo                           0x000003c4   ARM Code      84  filosofo.o(.text)
    Comer                                    0x00000418   ARM Code     232  filosofo.o(.text)
    Pensar                                   0x00000500   ARM Code      76  filosofo.o(.text)
    rodar_filosofo                           0x0000054c   ARM Code      32  filosofo.o(.text)
    main                                     0x000005b8   ARM Code     152  main.o(.text)
    Inline ARM to Thumb Veneer to malloc     0x00000658   ARM Code       8  h1_alloc.o(.text)
    malloc                                   0x00000661   Thumb Code   110  h1_alloc.o(.text)
    Inline ARM to Thumb Veneer to __2printf  0x000006d0   ARM Code       8  noretval__2printf.o(.text)
    __2printf                                0x000006d9   Thumb Code    22  noretval__2printf.o(.text)
    __printf                                 0x000006f5   Thumb Code   118  __printf.o(.text)
    Inline ARM to Thumb Veneer to _printf_int_dec 0x0000076c   ARM Code       8  _printf_dec.o(.text)
    _printf_int_dec                          0x00000775   Thumb Code    94  _printf_dec.o(.text)
    srand                                    0x000007e5   Thumb Code    48  rand.o(.text)
    _rand_init                               0x00000815   Thumb Code     4  rand.o(.text)
    __aeabi_idiv                             0x00000824   ARM Code       0  aeabi_sdiv.o(.text)
    __aeabi_idivmod                          0x00000824   ARM Code     384  aeabi_sdiv.o(.text)
    __use_two_region_memory                  0x000009a5   Thumb Code     2  heapauxi.o(.text)
    __rt_heap_escrow                         0x000009a7   Thumb Code     2  heapauxi.o(.text)
    __rt_heap_expand                         0x000009a9   Thumb Code     2  heapauxi.o(.text)
    Inline Thumb to ARM Veneer to __rt_heap_descriptor 0x000009ad   Thumb Code     4  rt_heap_descriptor_intlibspace.o(.text)
    __rt_heap_descriptor                     0x000009b0   ARM Code      12  rt_heap_descriptor_intlibspace.o(.text)
    __use_no_heap                            0x000009bd   Thumb Code     2  hguard.o(.text)
    __heap$guard                             0x000009bf   Thumb Code     2  hguard.o(.text)
    _terminate_user_alloc                    0x000009c1   Thumb Code     2  init_alloc.o(.text)
    _init_user_alloc                         0x000009c3   Thumb Code     2  init_alloc.o(.text)
    __Heap_Full                              0x000009c5   Thumb Code    36  init_alloc.o(.text)
    __Heap_Broken                            0x000009e9   Thumb Code    14  init_alloc.o(.text)
    _init_alloc                              0x000009f7   Thumb Code    94  init_alloc.o(.text)
    __Heap_Initialize                        0x00000a55   Thumb Code    10  h1_init.o(.text)
    __Heap_DescSize                          0x00000a5f   Thumb Code     4  h1_init.o(.text)
    free                                     0x00000a63   Thumb Code    84  h1_free.o(.text)
    _printf_int_common                       0x00000ab7   Thumb Code   186  _printf_intcommon.o(.text)
    _printf_char_file                        0x00000b71   Thumb Code    38  _printf_char_file.o(.text)
    Inline Thumb to ARM Veneer to __rt_udiv10 0x00000b9d   Thumb Code     4  rtudiv10.o(.text)
    __rt_udiv10                              0x00000ba0   ARM Code      44  rtudiv10.o(.text)
    __user_libspace                          0x00000bcc   ARM Code      12  libspace.o(.text)
    __user_perproc_libspace                  0x00000bcc   ARM Code       0  libspace.o(.text)
    __user_perthread_libspace                0x00000bcc   ARM Code       0  libspace.o(.text)
    __Heap_ProvideMemory                     0x00000bd9   Thumb Code    56  h1_extend.o(.text)
    _printf_char_common                      0x00000c1b   Thumb Code    34  _printf_char_common.o(.text)
    ferror                                   0x00000c41   Thumb Code     8  ferror.o(.text)
    _initio                                  0x00000c49   Thumb Code   220  initio.o(.text)
    _terminateio                             0x00000d25   Thumb Code    60  initio.o(.text)
    __rt_SIGRTMEM                            0x00000d8d   Thumb Code    16  defsig_rtmem_outer.o(.text)
    _sys_open                                0x00000d9d   Thumb Code    24  sys_io.o(.text)
    _sys_close                               0x00000db5   Thumb Code    14  sys_io.o(.text)
    _sys_write                               0x00000dc3   Thumb Code    20  sys_io.o(.text)
    _sys_read                                0x00000dd7   Thumb Code    14  sys_io.o(.text)
    _sys_istty                               0x00000de5   Thumb Code    12  sys_io.o(.text)
    _sys_seek                                0x00000df1   Thumb Code    18  sys_io.o(.text)
    _sys_ensure                              0x00000e03   Thumb Code     2  sys_io.o(.text)
    _sys_flen                                0x00000e05   Thumb Code    12  sys_io.o(.text)
    __I$use$semihosting                      0x00000e10   ARM Code       0  use_no_semi.o(.text)
    __use_no_semihosting_swi                 0x00000e10   ARM Code       4  use_no_semi.o(.text)
    __semihosting_library_function           0x00000e14   ARM Code       0  indicate_semi.o(.text)
    __user_setup_stackheap                   0x00000e14   ARM Code      96  sys_stackheap_outer.o(.text)
    __flsbuf                                 0x00000e75   Thumb Code   492  flsbuf.o(.text)
    __flsbuf_byte                            0x00000e75   Thumb Code     0  flsbuf.o(.text)
    __flsbuf_wide                            0x00000e75   Thumb Code     0  flsbuf.o(.text)
    setvbuf                                  0x00001069   Thumb Code    74  setvbuf.o(.text)
    freopen                                  0x000010b9   Thumb Code   152  fopen.o(.text)
    fopen                                    0x00001151   Thumb Code    80  fopen.o(.text)
    _fclose_internal                         0x000011a9   Thumb Code    76  fclose.o(.text)
    fclose                                   0x000011a9   Thumb Code     0  fclose.o(.text)
    exit                                     0x000011f9   Thumb Code    12  exit.o(.text)
    __sig_exit                               0x00001205   Thumb Code    16  defsig_exit.o(.text)
    __rt_SIGRTRED                            0x00001215   Thumb Code    16  defsig_rtred_outer.o(.text)
    __rt_SIGRTMEM_inner                      0x00001225   Thumb Code    26  defsig_rtmem_inner.o(.text)
    Inline Thumb to ARM Veneer to __aeabi_memclr4 0x00001279   Thumb Code     4  rt_memclr_w.o(.text)
    __aeabi_memclr4                          0x0000127c   ARM Code       0  rt_memclr_w.o(.text)
    __aeabi_memclr8                          0x0000127c   ARM Code       0  rt_memclr_w.o(.text)
    __rt_memclr_w                            0x0000127c   ARM Code      84  rt_memclr_w.o(.text)
    _memset_w                                0x00001280   ARM Code       0  rt_memclr_w.o(.text)
    Inline ARM to Thumb Veneer to _sys_exit  0x000012d0   ARM Code       8  sys_exit.o(.text)
    _sys_exit                                0x000012d9   Thumb Code     8  sys_exit.o(.text)
    _fseek                                   0x000012e5   Thumb Code   244  fseek.o(.text)
    fseek                                    0x000012e5   Thumb Code     0  fseek.o(.text)
    _seterr                                  0x000013dd   Thumb Code    20  stdio.o(.text)
    _writebuf                                0x000013f1   Thumb Code    80  stdio.o(.text)
    _fflush                                  0x00001441   Thumb Code    80  stdio.o(.text)
    _deferredlazyseek                        0x00001491   Thumb Code    64  stdio.o(.text)
    __default_signal_display                 0x000014d9   Thumb Code    56  defsig_general.o(.text)
    __rt_SIGRTRED_inner                      0x00001511   Thumb Code    18  defsig_rtred_inner.o(.text)
    strlen                                   0x00001549   Thumb Code    64  strlen.o(.text)
    _ttywrch                                 0x0000158d   Thumb Code    16  sys_wrch.o(.text)
    _ftell_internal                          0x0000159d   Thumb Code    70  ftell.o(.text)
    ftell                                    0x0000159d   Thumb Code     0  ftell.o(.text)
    Inline Thumb to ARM Veneer to __aeabi_errno_addr 0x000015e5   Thumb Code     4  rt_errno_addr_intlibspace.o(.text)
    __aeabi_errno_addr                       0x000015e8   ARM Code      12  rt_errno_addr_intlibspace.o(.text)
    __errno$intlibspace                      0x000015e8   ARM Code       0  rt_errno_addr_intlibspace.o(.text)
    __rt_errno_addr$intlibspace              0x000015e8   ARM Code       0  rt_errno_addr_intlibspace.o(.text)
    __ARM_common_call_via_r1                 0x000015f5   Thumb Code     2  __printf.o(i.__ARM_common_call_via_r1)
    __ARM_common_call_via_r2                 0x000015f7   Thumb Code     2  __printf.o(i.__ARM_common_call_via_r2)
    fputc                                    0x000015f9   Thumb Code    36  fputc.o(i.fputc)
    __stdin_name                             0x0000161c   Data           4  sys_io.o(.constdata)
    __stdout_name                            0x00001620   Data           4  sys_io.o(.constdata)
    __stderr_name                            0x00001624   Data           4  sys_io.o(.constdata)
    Region$$Table$$Base                      0x00001628   Number         0  anon$$obj.o(Region$$Table)
    Region$$Table$$Limit                     0x00001648   Number         0  anon$$obj.o(Region$$Table)
    __aeabi_stdin                            0x40000000   Data           4  stdio_streams.o(.data)
    __aeabi_stdout                           0x40000004   Data           4  stdio_streams.o(.data)
    __aeabi_stderr                           0x40000008   Data           4  stdio_streams.o(.data)
    _random_number_data                      0x4000000c   Data         228  rand.o(.bss)
    __stdin                                  0x400000f0   Data          84  stdio_streams.o(.bss)
    __stdout                                 0x40000144   Data          84  stdio_streams.o(.bss)
    __stderr                                 0x40000198   Data          84  stdio_streams.o(.bss)
    __libspace_start                         0x400001ec   Data          96  libspace.o(.bss)
    __temporary_stack_top$libspace           0x4000024c   Data           0  libspace.o(.bss)



==============================================================================

Memory Map of the image

  Image Entry point : 0x00000118

  Load Region LR_IROM1 (Base: 0x00000000, Size: 0x00001654, Max: 0x00008000, ABSOLUTE)

    Execution Region ER_IROM1 (Base: 0x00000000, Size: 0x00001648, Max: 0x00008000, ABSOLUTE)

    Base Addr    Size         Type   Attr      Idx    E Section Name        Object

    0x00000000   0x00000118   Code   RO            3    RESET               startup.o
    0x00000118   0x00000008   Code   RO          165  * !!!main             c_t.l(__main.o)
    0x00000120   0x0000003c   Code   RO          471    !!!scatter          c_t.l(__scatter.o)
    0x0000015c   0x00000028   Code   RO          473    !!handler_copy      c_t.l(__scatter_copy.o)
    0x00000184   0x0000002c   Code   RO          475    !!handler_zi        c_t.l(__scatter_zi.o)
    0x000001b0   0x00000004   Ven    RO          141    .ARM.Collect$$_printf_percent$$00000000  c_t.l(_printf_percent.o)
    0x000001b4   0x00000000   Code   RO          141    .ARM.Collect$$_printf_percent$$00000000  c_t.l(_printf_percent.o)
    0x000001b4   0x00000008   Code   RO          140    .ARM.Collect$$_printf_percent$$00000009  c_t.l(_printf_d.o)
    0x000001bc   0x00000008   Code   RO          209    .ARM.Collect$$_printf_percent$$00000017  c_t.l(_printf_percent_end.o)
    0x000001c4   0x00000008   Ven    RO          378    .ARM.Collect$$libinit$$00000000  c_t.l(libinit.o)
    0x000001cc   0x00000002   Code   RO          378    .ARM.Collect$$libinit$$00000000  c_t.l(libinit.o)
    0x000001ce   0x00000000   Code   RO          223    .ARM.Collect$$libinit$$00000002  c_t.l(libinit2.o)
    0x000001ce   0x00000008   Code   RO          224    .ARM.Collect$$libinit$$00000003  c_t.l(libinit2.o)
    0x000001d6   0x00000000   Code   RO          226    .ARM.Collect$$libinit$$00000008  c_t.l(libinit2.o)
    0x000001d6   0x00000000   Code   RO          228    .ARM.Collect$$libinit$$0000000A  c_t.l(libinit2.o)
    0x000001d6   0x00000004   Code   RO          229    .ARM.Collect$$libinit$$0000000B  c_t.l(libinit2.o)
    0x000001da   0x00000000   Code   RO          230    .ARM.Collect$$libinit$$0000000C  c_t.l(libinit2.o)
    0x000001da   0x00000000   Code   RO          233    .ARM.Collect$$libinit$$0000000F  c_t.l(libinit2.o)
    0x000001da   0x00000000   Code   RO          235    .ARM.Collect$$libinit$$00000011  c_t.l(libinit2.o)
    0x000001da   0x00000000   Code   RO          237    .ARM.Collect$$libinit$$00000013  c_t.l(libinit2.o)
    0x000001da   0x00000000   Code   RO          239    .ARM.Collect$$libinit$$00000015  c_t.l(libinit2.o)
    0x000001da   0x00000000   Code   RO          241    .ARM.Collect$$libinit$$00000017  c_t.l(libinit2.o)
    0x000001da   0x00000000   Code   RO          243    .ARM.Collect$$libinit$$00000019  c_t.l(libinit2.o)
    0x000001da   0x00000000   Code   RO          245    .ARM.Collect$$libinit$$0000001B  c_t.l(libinit2.o)
    0x000001da   0x00000000   Code   RO          247    .ARM.Collect$$libinit$$0000001D  c_t.l(libinit2.o)
    0x000001da   0x00000000   Code   RO          249    .ARM.Collect$$libinit$$0000001F  c_t.l(libinit2.o)
    0x000001da   0x00000000   Code   RO          251    .ARM.Collect$$libinit$$00000021  c_t.l(libinit2.o)
    0x000001da   0x00000004   Code   RO          252    .ARM.Collect$$libinit$$00000022  c_t.l(libinit2.o)
    0x000001de   0x00000000   Code   RO          253    .ARM.Collect$$libinit$$00000023  c_t.l(libinit2.o)
    0x000001de   0x00000000   Code   RO          257    .ARM.Collect$$libinit$$0000002A  c_t.l(libinit2.o)
    0x000001de   0x00000000   Code   RO          259    .ARM.Collect$$libinit$$0000002C  c_t.l(libinit2.o)
    0x000001de   0x00000000   Code   RO          261    .ARM.Collect$$libinit$$0000002E  c_t.l(libinit2.o)
    0x000001de   0x00000000   Code   RO          263    .ARM.Collect$$libinit$$00000030  c_t.l(libinit2.o)
    0x000001de   0x0000000c   Code   RO          264    .ARM.Collect$$libinit$$00000031  c_t.l(libinit2.o)
    0x000001ea   0x00000002   PAD
    0x000001ec   0x00000008   Ven    RO          468    .ARM.Collect$$libshutdown$$00000000  c_t.l(libshutdown.o)
    0x000001f4   0x00000004   Code   RO          468    .ARM.Collect$$libshutdown$$00000000  c_t.l(libshutdown.o)
    0x000001f8   0x00000004   Code   RO          380    .ARM.Collect$$libshutdown$$00000002  c_t.l(libshutdown2.o)
    0x000001fc   0x00000000   Code   RO          381    .ARM.Collect$$libshutdown$$00000003  c_t.l(libshutdown2.o)
    0x000001fc   0x00000000   Code   RO          384    .ARM.Collect$$libshutdown$$00000006  c_t.l(libshutdown2.o)
    0x000001fc   0x00000000   Code   RO          387    .ARM.Collect$$libshutdown$$00000009  c_t.l(libshutdown2.o)
    0x000001fc   0x00000000   Code   RO          389    .ARM.Collect$$libshutdown$$0000000B  c_t.l(libshutdown2.o)
    0x000001fc   0x00000000   Code   RO          392    .ARM.Collect$$libshutdown$$0000000E  c_t.l(libshutdown2.o)
    0x000001fc   0x00000006   Code   RO          393    .ARM.Collect$$libshutdown$$0000000F  c_t.l(libshutdown2.o)
    0x00000202   0x00000002   PAD
    0x00000204   0x00000000   Code   RO          169    .ARM.Collect$$rtentry$$00000000  c_t.l(rtentry.o)
    0x00000204   0x00000000   Code   RO          271    .ARM.Collect$$rtentry$$00000002  c_t.l(rtentry2.o)
    0x00000204   0x00000008   Code   RO          283    .ARM.Collect$$rtentry$$00000004  c_t.l(rtentry4.o)
    0x0000020c   0x00000000   Code   RO          273    .ARM.Collect$$rtentry$$00000009  c_t.l(rtentry2.o)
    0x0000020c   0x00000004   Code   RO          274    .ARM.Collect$$rtentry$$0000000A  c_t.l(rtentry2.o)
    0x00000210   0x00000000   Code   RO          276    .ARM.Collect$$rtentry$$0000000C  c_t.l(rtentry2.o)
    0x00000210   0x00000028   Code   RO          277    .ARM.Collect$$rtentry$$0000000D  c_t.l(rtentry2.o)
    0x00000238   0x00000004   Ven    RO          398    .ARM.Collect$$rtexit$$00000000  c_t.l(rtexit.o)
    0x0000023c   0x00000004   Code   RO          398    .ARM.Collect$$rtexit$$00000000  c_t.l(rtexit.o)
    0x00000240   0x00000000   Code   RO          429    .ARM.Collect$$rtexit$$00000002  c_t.l(rtexit2.o)
    0x00000240   0x00000004   Code   RO          430    .ARM.Collect$$rtexit$$00000003  c_t.l(rtexit2.o)
    0x00000244   0x00000008   Code   RO          431    .ARM.Collect$$rtexit$$00000004  c_t.l(rtexit2.o)
    0x0000024c   0x00000008   Ven    RO          142    .emb_text           c_t.l(rand.o)
    0x00000254   0x00000038   Code   RO          142    .emb_text           c_t.l(rand.o)
    0x0000028c   0x00000000   Code   RO          289    .emb_text           c_t.l(maybetermalloc1.o)
    0x0000028c   0x00000020   Code   RO            4    .text               startup.o
    0x000002ac   0x0000030c   Code   RO           11    .text               filosofo.o
    0x000005b8   0x000000a0   Code   RO           34    .text               main.o
    0x00000658   0x00000008   Ven    RO           50    .text               c_t.l(h1_alloc.o)
    0x00000660   0x0000006e   Code   RO           50    .text               c_t.l(h1_alloc.o)
    0x000006ce   0x00000002   PAD
    0x000006d0   0x00000008   Ven    RO          110    .text               c_t.l(noretval__2printf.o)
    0x000006d8   0x0000001c   Code   RO          110    .text               c_t.l(noretval__2printf.o)
    0x000006f4   0x00000076   Code   RO          112    .text               c_t.l(__printf.o)
    0x0000076a   0x00000002   PAD
    0x0000076c   0x00000008   Ven    RO          118    .text               c_t.l(_printf_dec.o)
    0x00000774   0x00000070   Code   RO          118    .text               c_t.l(_printf_dec.o)
    0x000007e4   0x00000040   Code   RO          143    .text               c_t.l(rand.o)
    0x00000824   0x00000180   Code   RO          147    .text               c_t.l(aeabi_sdiv.o)
    0x000009a4   0x00000006   Code   RO          163    .text               c_t.l(heapauxi.o)
    0x000009aa   0x00000002   PAD
    0x000009ac   0x00000004   Ven    RO          177    .text               c_t.l(rt_heap_descriptor_intlibspace.o)
    0x000009b0   0x0000000c   Code   RO          177    .text               c_t.l(rt_heap_descriptor_intlibspace.o)
    0x000009bc   0x00000004   Code   RO          179    .text               c_t.l(hguard.o)
    0x000009c0   0x00000094   Code   RO          181    .text               c_t.l(init_alloc.o)
    0x00000a54   0x0000000e   Code   RO          187    .text               c_t.l(h1_init.o)
    0x00000a62   0x00000054   Code   RO          189    .text               c_t.l(h1_free.o)
    0x00000ab6   0x000000ba   Code   RO          205    .text               c_t.l(_printf_intcommon.o)
    0x00000b70   0x0000002c   Code   RO          207    .text               c_t.l(_printf_char_file.o)
    0x00000b9c   0x00000004   Ven    RO          218    .text               c_t.l(rtudiv10.o)
    0x00000ba0   0x0000002c   Code   RO          218    .text               c_t.l(rtudiv10.o)
    0x00000bcc   0x0000000c   Code   RO          267    .text               c_t.l(libspace.o)
    0x00000bd8   0x00000038   Code   RO          291    .text               c_t.l(h1_extend.o)
    0x00000c10   0x00000030   Code   RO          295    .text               c_t.l(_printf_char_common.o)
    0x00000c40   0x00000008   Code   RO          297    .text               c_t.l(ferror.o)
    0x00000c48   0x00000144   Code   RO          303    .text               c_t.l(initio.o)
    0x00000d8c   0x00000010   Code   RO          311    .text               c_t.l(defsig_rtmem_outer.o)
    0x00000d9c   0x00000074   Code   RO          322    .text               c_t.l(sys_io.o)
    0x00000e10   0x00000004   Code   RO          327    .text               c_t.l(use_no_semi.o)
    0x00000e14   0x00000000   Code   RO          329    .text               c_t.l(indicate_semi.o)
    0x00000e14   0x00000060   Code   RO          330    .text               c_t.l(sys_stackheap_outer.o)
    0x00000e74   0x000001f4   Code   RO          340    .text               c_t.l(flsbuf.o)
    0x00001068   0x00000050   Code   RO          342    .text               c_t.l(setvbuf.o)
    0x000010b8   0x000000f0   Code   RO          345    .text               c_t.l(fopen.o)
    0x000011a8   0x00000050   Code   RO          347    .text               c_t.l(fclose.o)
    0x000011f8   0x0000000c   Code   RO          353    .text               c_t.l(exit.o)
    0x00001204   0x00000010   Code   RO          355    .text               c_t.l(defsig_exit.o)
    0x00001214   0x00000010   Code   RO          361    .text               c_t.l(defsig_rtred_outer.o)
    0x00001224   0x00000054   Code   RO          365    .text               c_t.l(defsig_rtmem_inner.o)
    0x00001278   0x00000004   Ven    RO          367    .text               c_t.l(rt_memclr_w.o)
    0x0000127c   0x00000054   Code   RO          367    .text               c_t.l(rt_memclr_w.o)
    0x000012d0   0x00000008   Ven    RO          396    .text               c_t.l(sys_exit.o)
    0x000012d8   0x0000000c   Code   RO          396    .text               c_t.l(sys_exit.o)
    0x000012e4   0x000000f8   Code   RO          406    .text               c_t.l(fseek.o)
    0x000013dc   0x000000fc   Code   RO          408    .text               c_t.l(stdio.o)
    0x000014d8   0x00000038   Code   RO          416    .text               c_t.l(defsig_general.o)
    0x00001510   0x00000038   Code   RO          420    .text               c_t.l(defsig_rtred_inner.o)
    0x00001548   0x00000044   Code   RO          424    .text               c_t.l(strlen.o)
    0x0000158c   0x00000010   Code   RO          426    .text               c_t.l(sys_wrch.o)
    0x0000159c   0x00000046   Code   RO          439    .text               c_t.l(ftell.o)
    0x000015e2   0x00000002   PAD
    0x000015e4   0x00000004   Ven    RO          452    .text               c_t.l(rt_errno_addr_intlibspace.o)
    0x000015e8   0x0000000c   Code   RO          452    .text               c_t.l(rt_errno_addr_intlibspace.o)
    0x000015f4   0x00000002   Code   RO          116    i.__ARM_common_call_via_r1  c_t.l(__printf.o)
    0x000015f6   0x00000002   Code   RO          114    i.__ARM_common_call_via_r2  c_t.l(__printf.o)
    0x000015f8   0x00000024   Code   RO          300    i.fputc             c_t.l(fputc.o)
    0x0000161c   0x00000004   Data   RO          323    .constdata          c_t.l(sys_io.o)
    0x00001620   0x00000004   Data   RO          324    .constdata          c_t.l(sys_io.o)
    0x00001624   0x00000004   Data   RO          325    .constdata          c_t.l(sys_io.o)
    0x00001628   0x00000020   Data   RO          469    Region$$Table       anon$$obj.o


    Execution Region RW_IRAM1 (Base: 0x40000000, Size: 0x000006d8, Max: 0x00002000, ABSOLUTE)

    Base Addr    Size         Type   Attr      Idx    E Section Name        Object

    0x40000000   0x00000004   Data   RW          213    .data               c_t.l(stdio_streams.o)
    0x40000004   0x00000004   Data   RW          214    .data               c_t.l(stdio_streams.o)
    0x40000008   0x00000004   Data   RW          215    .data               c_t.l(stdio_streams.o)
    0x4000000c   0x000000e4   Zero   RW          144    .bss                c_t.l(rand.o)
    0x400000f0   0x00000054   Zero   RW          210    .bss                c_t.l(stdio_streams.o)
    0x40000144   0x00000054   Zero   RW          211    .bss                c_t.l(stdio_streams.o)
    0x40000198   0x00000054   Zero   RW          212    .bss                c_t.l(stdio_streams.o)
    0x400001ec   0x00000060   Zero   RW          268    .bss                c_t.l(libspace.o)
    0x4000024c   0x00000004   PAD
    0x40000250   0x00000000   Zero   RW            2    HEAP                startup.o
    0x40000250   0x00000488   Zero   RW            1    STACK               startup.o


==============================================================================

Image component sizes


      Code (inc. data)   RO Data    RW Data    ZI Data      Debug   Object Name

       780         76          0          0          0       4449   filosofo.o
       160          8          0          0          0        799   main.o
       312         64          0          0       1160        472   startup.o

    ----------------------------------------------------------------------
      1252        148         32          0       1160       5720   Object Totals
         0          0         32          0          0          0   (incl. Generated)
         0          0          0          0          0          0   (incl. Padding)

    ----------------------------------------------------------------------

      Code (inc. data)   RO Data    RW Data    ZI Data      Debug   Library Member Name

         8          0          0          0          0         68   __main.o
       122          0          0          0          0        208   __printf.o
        60          8          0          0          0          0   __scatter.o
        40          0          0          0          0          0   __scatter_copy.o
        44          0          0          0          0          0   __scatter_zi.o
        48          4          0          0          0         96   _printf_char_common.o
        44          6          0          0          0         88   _printf_char_file.o
         8          0          0          0          0          0   _printf_d.o
       120         18          0          0          0         88   _printf_dec.o
       186          0          0          0          0         96   _printf_intcommon.o
         4          0          0          0          0          0   _printf_percent.o
         8          0          0          0          0          0   _printf_percent_end.o
       384          0          0          0          0         80   aeabi_sdiv.o
        16          0          0          0          0         80   defsig_exit.o
        56          0          0          0          0         84   defsig_general.o
        84         58          0          0          0         80   defsig_rtmem_inner.o
        16          0          0          0          0         80   defsig_rtmem_outer.o
        56         38          0          0          0         80   defsig_rtred_inner.o
        16          0          0          0          0         80   defsig_rtred_outer.o
        12          0          0          0          0         64   exit.o
        80          4          0          0          0         92   fclose.o
         8          0          0          0          0         60   ferror.o
       500          8          0          0          0         92   flsbuf.o
       240          8          0          0          0        140   fopen.o
        36          0          0          0          0         80   fputc.o
       248          4          0          0          0         92   fseek.o
        70          0          0          0          0         80   ftell.o
       118          0          0          0          0        116   h1_alloc.o
        56          0          0          0          0         80   h1_extend.o
        84          0          0          0          0        100   h1_free.o
        14          0          0          0          0         76   h1_init.o
         6          0          0          0          0        136   heapauxi.o
         4          0          0          0          0        120   hguard.o
         0          0          0          0          0          0   indicate_semi.o
       148          0          0          0          0        192   init_alloc.o
       324         44          0          0          0        120   initio.o
        10          0          0          0          0          0   libinit.o
        28          0          0          0          0          0   libinit2.o
        12          0          0          0          0          0   libshutdown.o
        10          0          0          0          0          0   libshutdown2.o
        12          4          0          0         96         68   libspace.o
         0          0          0          0          0          0   maybetermalloc1.o
        36          6          0          0          0         84   noretval__2printf.o
       128         16          0          0        228        156   rand.o
        16          4          0          0          0         68   rt_errno_addr_intlibspace.o
        16          4          0          0          0         68   rt_heap_descriptor_intlibspace.o
        88          0          0          0          0         80   rt_memclr_w.o
         0          0          0          0          0          0   rtentry.o
        44          4          0          0          0          0   rtentry2.o
         8          0          0          0          0          0   rtentry4.o
         8          0          0          0          0          0   rtexit.o
        12          0          0          0          0          0   rtexit2.o
        48          0          0          0          0         68   rtudiv10.o
        80          6          0          0          0         80   setvbuf.o
       252          8          0          0          0        184   stdio.o
         0          0          0         12        252          0   stdio_streams.o
        68          4          0          0          0         76   strlen.o
        20          4          0          0          0         60   sys_exit.o
       116          0         12          0          0        260   sys_io.o
        96          0          0          0          0         80   sys_stackheap_outer.o
        16          0          0          0          0         76   sys_wrch.o
         4          0          0          0          0         68   use_no_semi.o

    ----------------------------------------------------------------------
      4408        260         12         12        580       4324   Library Totals
        12          0          0          0          4          0   (incl. Padding)

    ----------------------------------------------------------------------

      Code (inc. data)   RO Data    RW Data    ZI Data      Debug   Library Name

      4396        260         12         12        576       4324   c_t.l

    ----------------------------------------------------------------------
      4408        260         12         12        580       4324   Library Totals

    ----------------------------------------------------------------------

==============================================================================


      Code (inc. data)   RO Data    RW Data    ZI Data      Debug   

      5660        408         44         12       1740       7896   Grand Totals
      5660        408         44         12       1740       7896   ELF Image Totals
      5660        408         44         12          0          0   ROM Totals

==============================================================================

    Total RO  Size (Code + RO Data)                 5704 (   5.57kB)
    Total RW  Size (RW Data + ZI Data)              1752 (   1.71kB)
    Total ROM Size (Code + RO Data + RW Data)       5716 (   5.58kB)

==============================================================================

