<html>
<body>
<pre>
<h1>µVision Build Log</h1>
<h2>Project:</h2>
C:\Users\pedro\jantar-dos-filosofos\estrutura\jantar.uvproj
Project File Date:  01/17/2019

<h2>Output:</h2>
Build target 'Target 1'
linking...
.\jantar.axf: Warning: L6914W: option rwpi ignored when using --scatter.
Program Size: Code=5660 RO-data=44 RW-data=12 ZI-data=1740  
Finished: 0 information, 1 warning and 0 error messages.
".\jantar.axf" - 0 Error(s), 1 Warning(s).
rning and 0 error messages.
".\jantar.axf" - 0 Error(s), 1 Warning(s).
sa * InicializarMesa();
main.c: 1 warning, 0 errors
linking...
.\jantar.axf: Warning: L6914W: option rwpi ignored when using --scatter.
Program Size: Code=5660 RO-data=44 RW-data=12 ZI-data=1740  
Finished: 0 information, 1 warning and 0 error messages.
".\jantar.axf" - 0 Error(s), 3 Warning(s).
k
                                int i = 0;
filosofo.c(100): error:  #268: declaration may not appear after executable statement in block
      int randomTime = rand() %5 + 1;
filosofo.c(102): error:  #268: declaration may not appear after executable statement in block
                int i = 0;
filosofo.c(110): error:  #268: declaration may not appear after executable statement in block
      int randomTime = rand() %5 + 1;
filosofo.c(111): error:  #268: declaration may not appear after executable statement in block
                int i = 0;
filosofo.c: 1 warning, 8 errors
compiling main.c...
filosofo.h(33): warning:  #1295-D: Deprecated declaration InicializarMesa - give arg types
  mesa * InicializarMesa();
main.c(9): error:  #268: declaration may not appear after executable statement in block
      mesa *nova_mesa;
main.c(14): error:  #268: declaration may not appear after executable statement in block
      filosofo *filosofo_1;
main.c(15): error:  #268: declaration may not appear after executable statement in block
      filosofo *filosofo_2;
main.c(16): error:  #268: declaration may not appear after executable statement in block
      filosofo *filosofo_3;
main.c(17): error:  #268: declaration may not appear after executable statement in block
      filosofo *filosofo_4;
main.c(18): error:  #268: declaration may not appear after executable statement in block
      filosofo *filosofo_5;
main.c: 1 warning, 6 errors
".\jantar.axf" - 14 Error(s), 2 Warning(s).
Target not created
filosofo_5;
main.c: 1 warning, 6 errors
".\jantar.axf" - 14 Error(s), 3 Warning(s).
Target not created
ter executable statement in block
      filosofo *filosofo_5;
main.c: 1 warning, 6 errors
".\jantar.axf" - 15 Error(s), 3 Warning(s).
Target not created
osofo *filosofo_5;
main.c: 1 warning, 6 errors
".\jantar.axf" - 16 Error(s), 3 Warning(s).
Target not created
s without a newline
  }
test.c(6): warning:  #550-D: variable "pt_tst" was set but never used
  int *pt_tst = 0X00000000;
test.c: 2 warnings, 0 errors
".\jantar.axf" - 16 Error(s), 5 Warning(s).
Target not created
axf" - 19 Error(s), 4 Warning(s).
Target not created
ilosofo(nova_mesa,5);
main.c: 1 warning, 6 errors
".\jantar.axf" - 17 Error(s), 4 Warning(s).
Target not created
